Archive member included to satisfy reference by file (symbol)

c:/st/stm32cubeide_1.4.0/stm32cubeide/plugins/com.st.stm32cube.ide.mcu.externaltools.gnu-tools-for-stm32.7-2018-q2-update.win32_1.4.0.202007081208/tools/bin/../lib/gcc/arm-none-eabi/7.3.1/../../../../arm-none-eabi/lib/thumb/v7e-m/fpv4-sp/hard\libc_nano.a(lib_a-errno.o)
                              Core/Src/syscalls.o (__errno)
c:/st/stm32cubeide_1.4.0/stm32cubeide/plugins/com.st.stm32cube.ide.mcu.externaltools.gnu-tools-for-stm32.7-2018-q2-update.win32_1.4.0.202007081208/tools/bin/../lib/gcc/arm-none-eabi/7.3.1/../../../../arm-none-eabi/lib/thumb/v7e-m/fpv4-sp/hard\libc_nano.a(lib_a-exit.o)
                              c:/st/stm32cubeide_1.4.0/stm32cubeide/plugins/com.st.stm32cube.ide.mcu.externaltools.gnu-tools-for-stm32.7-2018-q2-update.win32_1.4.0.202007081208/tools/bin/../lib/gcc/arm-none-eabi/7.3.1/../../../../arm-none-eabi/lib/thumb/v7e-m/fpv4-sp/hard/crt0.o (exit)
c:/st/stm32cubeide_1.4.0/stm32cubeide/plugins/com.st.stm32cube.ide.mcu.externaltools.gnu-tools-for-stm32.7-2018-q2-update.win32_1.4.0.202007081208/tools/bin/../lib/gcc/arm-none-eabi/7.3.1/../../../../arm-none-eabi/lib/thumb/v7e-m/fpv4-sp/hard\libc_nano.a(lib_a-impure.o)
                              c:/st/stm32cubeide_1.4.0/stm32cubeide/plugins/com.st.stm32cube.ide.mcu.externaltools.gnu-tools-for-stm32.7-2018-q2-update.win32_1.4.0.202007081208/tools/bin/../lib/gcc/arm-none-eabi/7.3.1/../../../../arm-none-eabi/lib/thumb/v7e-m/fpv4-sp/hard\libc_nano.a(lib_a-exit.o) (_global_impure_ptr)
c:/st/stm32cubeide_1.4.0/stm32cubeide/plugins/com.st.stm32cube.ide.mcu.externaltools.gnu-tools-for-stm32.7-2018-q2-update.win32_1.4.0.202007081208/tools/bin/../lib/gcc/arm-none-eabi/7.3.1/../../../../arm-none-eabi/lib/thumb/v7e-m/fpv4-sp/hard\libc_nano.a(lib_a-init.o)
                              c:/st/stm32cubeide_1.4.0/stm32cubeide/plugins/com.st.stm32cube.ide.mcu.externaltools.gnu-tools-for-stm32.7-2018-q2-update.win32_1.4.0.202007081208/tools/bin/../lib/gcc/arm-none-eabi/7.3.1/../../../../arm-none-eabi/lib/thumb/v7e-m/fpv4-sp/hard/crt0.o (__libc_init_array)
c:/st/stm32cubeide_1.4.0/stm32cubeide/plugins/com.st.stm32cube.ide.mcu.externaltools.gnu-tools-for-stm32.7-2018-q2-update.win32_1.4.0.202007081208/tools/bin/../lib/gcc/arm-none-eabi/7.3.1/../../../../arm-none-eabi/lib/thumb/v7e-m/fpv4-sp/hard\libc_nano.a(lib_a-memcmp.o)
                              Middlewares/ST/STM32_WPAN/ble/core/template/osal.o (memcmp)
c:/st/stm32cubeide_1.4.0/stm32cubeide/plugins/com.st.stm32cube.ide.mcu.externaltools.gnu-tools-for-stm32.7-2018-q2-update.win32_1.4.0.202007081208/tools/bin/../lib/gcc/arm-none-eabi/7.3.1/../../../../arm-none-eabi/lib/thumb/v7e-m/fpv4-sp/hard\libc_nano.a(lib_a-memcpy-stub.o)
                              Middlewares/ST/STM32_WPAN/ble/core/template/osal.o (memcpy)
c:/st/stm32cubeide_1.4.0/stm32cubeide/plugins/com.st.stm32cube.ide.mcu.externaltools.gnu-tools-for-stm32.7-2018-q2-update.win32_1.4.0.202007081208/tools/bin/../lib/gcc/arm-none-eabi/7.3.1/../../../../arm-none-eabi/lib/thumb/v7e-m/fpv4-sp/hard\libc_nano.a(lib_a-memset.o)
                              c:/st/stm32cubeide_1.4.0/stm32cubeide/plugins/com.st.stm32cube.ide.mcu.externaltools.gnu-tools-for-stm32.7-2018-q2-update.win32_1.4.0.202007081208/tools/bin/../lib/gcc/arm-none-eabi/7.3.1/../../../../arm-none-eabi/lib/thumb/v7e-m/fpv4-sp/hard/crt0.o (memset)
c:/st/stm32cubeide_1.4.0/stm32cubeide/plugins/com.st.stm32cube.ide.mcu.externaltools.gnu-tools-for-stm32.7-2018-q2-update.win32_1.4.0.202007081208/tools/bin/../lib/gcc/arm-none-eabi/7.3.1/../../../../arm-none-eabi/lib/thumb/v7e-m/fpv4-sp/hard\libc_nano.a(lib_a-printf.o)
                              Middlewares/ST/STM32_WPAN/utilities/dbg_trace.o (printf)
c:/st/stm32cubeide_1.4.0/stm32cubeide/plugins/com.st.stm32cube.ide.mcu.externaltools.gnu-tools-for-stm32.7-2018-q2-update.win32_1.4.0.202007081208/tools/bin/../lib/gcc/arm-none-eabi/7.3.1/../../../../arm-none-eabi/lib/thumb/v7e-m/fpv4-sp/hard\libc_nano.a(lib_a-strlen.o)
                              STM32_WPAN/App/app_ble.o (strlen)
c:/st/stm32cubeide_1.4.0/stm32cubeide/plugins/com.st.stm32cube.ide.mcu.externaltools.gnu-tools-for-stm32.7-2018-q2-update.win32_1.4.0.202007081208/tools/bin/../lib/gcc/arm-none-eabi/7.3.1/../../../../arm-none-eabi/lib/thumb/v7e-m/fpv4-sp/hard\libc_nano.a(lib_a-strrchr.o)
                              Middlewares/ST/STM32_WPAN/utilities/dbg_trace.o (strrchr)
c:/st/stm32cubeide_1.4.0/stm32cubeide/plugins/com.st.stm32cube.ide.mcu.externaltools.gnu-tools-for-stm32.7-2018-q2-update.win32_1.4.0.202007081208/tools/bin/../lib/gcc/arm-none-eabi/7.3.1/../../../../arm-none-eabi/lib/thumb/v7e-m/fpv4-sp/hard\libc_nano.a(lib_a-vprintf.o)
                              Middlewares/ST/STM32_WPAN/utilities/dbg_trace.o (vprintf)
[...]
Memory Configuration

Name             Origin             Length             Attributes
FLASH            0x0000000008000000 0x0000000000080000 xr
RAM1             0x0000000020000004 0x000000000002fffc xrw
RAM_SHARED       0x0000000020030000 0x0000000000002800 xrw
*default*        0x0000000000000000 0xffffffffffffffff

Linker script and memory map

LOAD c:/st/stm32cubeide_1.4.0/stm32cubeide/plugins/com.st.stm32cube.ide.mcu.externaltools.gnu-tools-for-stm32.7-2018-q2-update.win32_1.4.0.202007081208/tools/bin/../lib/gcc/arm-none-eabi/7.3.1/thumb/v7e-m/fpv4-sp/hard/crti.o
LOAD c:/st/stm32cubeide_1.4.0/stm32cubeide/plugins/com.st.stm32cube.ide.mcu.externaltools.gnu-tools-for-stm32.7-2018-q2-update.win32_1.4.0.202007081208/tools/bin/../lib/gcc/arm-none-eabi/7.3.1/thumb/v7e-m/fpv4-sp/hard/crtbegin.o
LOAD c:/st/stm32cubeide_1.4.0/stm32cubeide/plugins/com.st.stm32cube.ide.mcu.externaltools.gnu-tools-for-stm32.7-2018-q2-update.win32_1.4.0.202007081208/tools/bin/../lib/gcc/arm-none-eabi/7.3.1/../../../../arm-none-eabi/lib/thumb/v7e-m/fpv4-sp/hard/crt0.o
LOAD Core/Src/app_debug.o
LOAD Core/Src/app_entry.o
LOAD Core/Src/hw_timerserver.o
LOAD Core/Src/main.o
LOAD Core/Src/stm32_lpm_if.o
LOAD Core/Src/stm32wbxx_hal_msp.o
LOAD Core/Src/stm32wbxx_it.o
LOAD Core/Src/syscalls.o
LOAD Core/Src/sysmem.o
LOAD Core/Src/system_stm32wbxx.o
LOAD Core/Startup/startup_stm32wb55rgvx.o
LOAD Drivers/STM32WBxx_HAL_Driver/Src/stm32wbxx_hal.o
LOAD Drivers/STM32WBxx_HAL_Driver/Src/stm32wbxx_hal_cortex.o
LOAD Drivers/STM32WBxx_HAL_Driver/Src/stm32wbxx_hal_dma.o
LOAD Drivers/STM32WBxx_HAL_Driver/Src/stm32wbxx_hal_dma_ex.o
LOAD Drivers/STM32WBxx_HAL_Driver/Src/stm32wbxx_hal_exti.o
LOAD Drivers/STM32WBxx_HAL_Driver/Src/stm32wbxx_hal_flash.o
LOAD Drivers/STM32WBxx_HAL_Driver/Src/stm32wbxx_hal_flash_ex.o
LOAD Drivers/STM32WBxx_HAL_Driver/Src/stm32wbxx_hal_gpio.o
LOAD Drivers/STM32WBxx_HAL_Driver/Src/stm32wbxx_hal_hsem.o
LOAD Drivers/STM32WBxx_HAL_Driver/Src/stm32wbxx_hal_pwr.o
LOAD Drivers/STM32WBxx_HAL_Driver/Src/stm32wbxx_hal_pwr_ex.o
LOAD Drivers/STM32WBxx_HAL_Driver/Src/stm32wbxx_hal_rcc.o
LOAD Drivers/STM32WBxx_HAL_Driver/Src/stm32wbxx_hal_rcc_ex.o
LOAD Drivers/STM32WBxx_HAL_Driver/Src/stm32wbxx_hal_rtc.o
LOAD Drivers/STM32WBxx_HAL_Driver/Src/stm32wbxx_hal_rtc_ex.o
LOAD Drivers/STM32WBxx_HAL_Driver/Src/stm32wbxx_hal_tim.o
LOAD Drivers/STM32WBxx_HAL_Driver/Src/stm32wbxx_hal_tim_ex.o
LOAD Middlewares/ST/STM32_WPAN/ble/core/auto/ble_gap_aci.o
LOAD Middlewares/ST/STM32_WPAN/ble/core/auto/ble_gatt_aci.o
LOAD Middlewares/ST/STM32_WPAN/ble/core/auto/ble_hal_aci.o
LOAD Middlewares/ST/STM32_WPAN/ble/core/auto/ble_hci_le.o
LOAD Middlewares/ST/STM32_WPAN/ble/core/auto/ble_l2cap_aci.o
LOAD Middlewares/ST/STM32_WPAN/ble/core/template/osal.o
LOAD Middlewares/ST/STM32_WPAN/ble/svc/Src/p2p_stm.o
LOAD Middlewares/ST/STM32_WPAN/ble/svc/Src/svc_ctl.o
LOAD Middlewares/ST/STM32_WPAN/interface/patterns/ble_thread/shci/shci.o
LOAD Middlewares/ST/STM32_WPAN/interface/patterns/ble_thread/tl/hci_tl.o
LOAD Middlewares/ST/STM32_WPAN/interface/patterns/ble_thread/tl/hci_tl_if.o
LOAD Middlewares/ST/STM32_WPAN/interface/patterns/ble_thread/tl/shci_tl.o
LOAD Middlewares/ST/STM32_WPAN/interface/patterns/ble_thread/tl/shci_tl_if.o
LOAD Middlewares/ST/STM32_WPAN/interface/patterns/ble_thread/tl/tl_mbox.o
LOAD Middlewares/ST/STM32_WPAN/utilities/dbg_trace.o
LOAD Middlewares/ST/STM32_WPAN/utilities/otp.o
LOAD Middlewares/ST/STM32_WPAN/utilities/stm_list.o
LOAD Middlewares/ST/STM32_WPAN/utilities/stm_queue.o
LOAD STM32_WPAN/App/app_ble.o
LOAD STM32_WPAN/App/p2p_server_app.o
LOAD STM32_WPAN/Target/hw_ipcc.o
LOAD Utilities/lpm/tiny_lpm/stm32_lpm.o
LOAD Utilities/sequencer/stm32_seq.o
START GROUP
LOAD c:/st/stm32cubeide_1.4.0/stm32cubeide/plugins/com.st.stm32cube.ide.mcu.externaltools.gnu-tools-for-stm32.7-2018-q2-update.win32_1.4.0.202007081208/tools/bin/../lib/gcc/arm-none-eabi/7.3.1/../../../../arm-none-eabi/lib/thumb/v7e-m/fpv4-sp/hard\libc_nano.a
LOAD c:/st/stm32cubeide_1.4.0/stm32cubeide/plugins/com.st.stm32cube.ide.mcu.externaltools.gnu-tools-for-stm32.7-2018-q2-update.win32_1.4.0.202007081208/tools/bin/../lib/gcc/arm-none-eabi/7.3.1/../../../../arm-none-eabi/lib/thumb/v7e-m/fpv4-sp/hard\libm.a
END GROUP
START GROUP
LOAD c:/st/stm32cubeide_1.4.0/stm32cubeide/plugins/com.st.stm32cube.ide.mcu.externaltools.gnu-tools-for-stm32.7-2018-q2-update.win32_1.4.0.202007081208/tools/bin/../lib/gcc/arm-none-eabi/7.3.1/thumb/v7e-m/fpv4-sp/hard\libgcc.a
LOAD c:/st/stm32cubeide_1.4.0/stm32cubeide/plugins/com.st.stm32cube.ide.mcu.externaltools.gnu-tools-for-stm32.7-2018-q2-update.win32_1.4.0.202007081208/tools/bin/../lib/gcc/arm-none-eabi/7.3.1/../../../../arm-none-eabi/lib/thumb/v7e-m/fpv4-sp/hard\libc_nano.a
END GROUP
START GROUP
LOAD c:/st/stm32cubeide_1.4.0/stm32cubeide/plugins/com.st.stm32cube.ide.mcu.externaltools.gnu-tools-for-stm32.7-2018-q2-update.win32_1.4.0.202007081208/tools/bin/../lib/gcc/arm-none-eabi/7.3.1/thumb/v7e-m/fpv4-sp/hard\libgcc.a
LOAD c:/st/stm32cubeide_1.4.0/stm32cubeide/plugins/com.st.stm32cube.ide.mcu.externaltools.gnu-tools-for-stm32.7-2018-q2-update.win32_1.4.0.202007081208/tools/bin/../lib/gcc/arm-none-eabi/7.3.1/../../../../arm-none-eabi/lib/thumb/v7e-m/fpv4-sp/hard\libc_nano.a
LOAD c:/st/stm32cubeide_1.4.0/stm32cubeide/plugins/com.st.stm32cube.ide.mcu.externaltools.gnu-tools-for-stm32.7-2018-q2-update.win32_1.4.0.202007081208/tools/bin/../lib/gcc/arm-none-eabi/7.3.1/../../../../arm-none-eabi/lib/thumb/v7e-m/fpv4-sp/hard\libnosys.a
END GROUP
START GROUP
LOAD c:/st/stm32cubeide_1.4.0/stm32cubeide/plugins/com.st.stm32cube.ide.mcu.externaltools.gnu-tools-for-stm32.7-2018-q2-update.win32_1.4.0.202007081208/tools/bin/../lib/gcc/arm-none-eabi/7.3.1/thumb/v7e-m/fpv4-sp/hard\libgcc.a
LOAD c:/st/stm32cubeide_1.4.0/stm32cubeide/plugins/com.st.stm32cube.ide.mcu.externaltools.gnu-tools-for-stm32.7-2018-q2-update.win32_1.4.0.202007081208/tools/bin/../lib/gcc/arm-none-eabi/7.3.1/../../../../arm-none-eabi/lib/thumb/v7e-m/fpv4-sp/hard\libc_nano.a
LOAD c:/st/stm32cubeide_1.4.0/stm32cubeide/plugins/com.st.stm32cube.ide.mcu.externaltools.gnu-tools-for-stm32.7-2018-q2-update.win32_1.4.0.202007081208/tools/bin/../lib/gcc/arm-none-eabi/7.3.1/../../../../arm-none-eabi/lib/thumb/v7e-m/fpv4-sp/hard\libnosys.a
END GROUP
LOAD c:/st/stm32cubeide_1.4.0/stm32cubeide/plugins/com.st.stm32cube.ide.mcu.externaltools.gnu-tools-for-stm32.7-2018-q2-update.win32_1.4.0.202007081208/tools/bin/../lib/gcc/arm-none-eabi/7.3.1/thumb/v7e-m/fpv4-sp/hard/crtend.o
LOAD c:/st/stm32cubeide_1.4.0/stm32cubeide/plugins/com.st.stm32cube.ide.mcu.externaltools.gnu-tools-for-stm32.7-2018-q2-update.win32_1.4.0.202007081208/tools/bin/../lib/gcc/arm-none-eabi/7.3.1/thumb/v7e-m/fpv4-sp/hard/crtn.o
                0x0000000020030000                _estack = 0x20030000
                0x0000000000000200                _Min_Heap_Size = 0x200
                0x0000000000000400                _Min_Stack_Size = 0x400

.isr_vector     0x0000000008000000      0x13c
                0x0000000008000000                . = ALIGN (0x4)
 *(.isr_vector)
 .isr_vector    0x0000000008000000      0x13c Core/Startup/startup_stm32wb55rgvx.o
                0x0000000008000000                g_pfnVectors
                0x000000000800013c                . = ALIGN (0x4)

.text           0x000000000800013c     0x6bd8
                0x000000000800013c                . = ALIGN (0x4)
 *(.text)
 .text          0x000000000800013c       0x40 c:/st/stm32cubeide_1.4.0/stm32cubeide/plugins/com.st.stm32cube.ide.mcu.externaltools.gnu-tools-for-stm32.7-2018-q2-update.win32_1.4.0.202007081208/tools/bin/../lib/gcc/arm-none-eabi/7.3.1/thumb/v7e-m/fpv4-sp/hard/crtbegin.o
 .text          0x000000000800017c       0x10 c:/st/stm32cubeide_1.4.0/stm32cubeide/plugins/com.st.stm32cube.ide.mcu.externaltools.gnu-tools-for-stm32.7-2018-q2-update.win32_1.4.0.202007081208/tools/bin/../lib/gcc/arm-none-eabi/7.3.1/../../../../arm-none-eabi/lib/thumb/v7e-m/fpv4-sp/hard\libc_nano.a(lib_a-strlen.o)
                0x000000000800017c                strlen
 *(.text*)
 .text.APPD_EnableCPU2
                0x000000000800018c       0x38 Core/Src/app_debug.o
                0x000000000800018c                APPD_EnableCPU2
 .text.LL_C2_PWR_SetPowerMode
                0x00000000080001c4       0x2c Core/Src/app_entry.o
 .text.LL_RCC_SetClkAfterWakeFromStop
                0x00000000080001f0       0x28 Core/Src/app_entry.o
 .text.APPE_Init
                0x0000000008000218       0x1c Core/Src/app_entry.o
                0x0000000008000218                APPE_Init
 .text.HAL_GPIO_EXTI_Callback
                0x0000000008000234       0x1a Core/Src/app_entry.o
                0x0000000008000234                HAL_GPIO_EXTI_Callback
 .text.SystemPower_Config
                0x000000000800024e       0x1a Core/Src/app_entry.o
 .text.appe_Tl_Init
                0x0000000008000268       0x6c Core/Src/app_entry.o
 .text.APPE_SysStatusNot
                0x00000000080002d4       0x16 Core/Src/app_entry.o
 .text.APPE_SysUserEvtRx
                0x00000000080002ea       0x20 Core/Src/app_entry.o
 .text.UTIL_SEQ_Idle
                0x000000000800030a        0xe Core/Src/app_entry.o
                0x000000000800030a                UTIL_SEQ_Idle
 .text.UTIL_SEQ_EvtIdle
                0x0000000008000318       0x1a Core/Src/app_entry.o
                0x0000000008000318                UTIL_SEQ_EvtIdle
 .text.shci_notify_asynch_evt
                0x0000000008000332       0x18 Core/Src/app_entry.o
                0x0000000008000332                shci_notify_asynch_evt
 .text.shci_cmd_resp_release
                0x000000000800034a       0x16 Core/Src/app_entry.o
                0x000000000800034a                shci_cmd_resp_release
 .text.shci_cmd_resp_wait
                0x0000000008000360       0x16 Core/Src/app_entry.o
                0x0000000008000360                shci_cmd_resp_wait
 *fill*         0x0000000008000376        0x2 
 .text.LL_EXTI_EnableIT_0_31
                0x0000000008000378       0x28 Core/Src/hw_timerserver.o
 .text.LL_EXTI_EnableRisingTrig_0_31
                0x00000000080003a0       0x24 Core/Src/hw_timerserver.o
 .text.ReadRtcSsrValue
                0x00000000080003c4       0x40 Core/Src/hw_timerserver.o
 .text.LinkTimerAfter
                0x0000000008000404       0x8c Core/Src/hw_timerserver.o
 .text.LinkTimerBefore
                0x0000000008000490       0xc0 Core/Src/hw_timerserver.o
 .text.linkTimer
                0x0000000008000550      0x154 Core/Src/hw_timerserver.o
 .text.UnlinkTimer
                0x00000000080006a4      0x108 Core/Src/hw_timerserver.o
 .text.ReturnTimeElapsed
                0x00000000080007ac       0x80 Core/Src/hw_timerserver.o
 .text.RestartWakeupCounter
                0x000000000800082c       0xbc Core/Src/hw_timerserver.o
 .text.RescheduleTimerList
                0x00000000080008e8      0x13c Core/Src/hw_timerserver.o
 .text.HW_TS_RTC_Wakeup_Handler
                0x0000000008000a24      0x1a0 Core/Src/hw_timerserver.o
                0x0000000008000a24                HW_TS_RTC_Wakeup_Handler
 .text.HW_TS_Init
                0x0000000008000bc4      0x1c0 Core/Src/hw_timerserver.o
                0x0000000008000bc4                HW_TS_Init
 .text.HW_TS_Create
                0x0000000008000d84       0xec Core/Src/hw_timerserver.o
                0x0000000008000d84                HW_TS_Create
 .text.HW_TS_Stop
                0x0000000008000e70      0x114 Core/Src/hw_timerserver.o
                0x0000000008000e70                HW_TS_Stop
 .text.HW_TS_Start
                0x0000000008000f84      0x10c Core/Src/hw_timerserver.o
                0x0000000008000f84                HW_TS_Start
 .text.HW_TS_RTC_Int_AppNot
                0x0000000008001090       0x1a Core/Src/hw_timerserver.o
                0x0000000008001090                HW_TS_RTC_Int_AppNot
 .text.LL_RCC_LSE_SetDriveCapability
                0x00000000080010aa       0x2c Core/Src/main.o
 .text.LL_AHB2_GRP1_EnableClock
                0x00000000080010d6       0x32 Core/Src/main.o
 .text.main     0x0000000008001108       0x26 Core/Src/main.o
                0x0000000008001108                main
 *fill*         0x000000000800112e        0x2 
 .text.SystemClock_Config
                0x0000000008001130       0xf8 Core/Src/main.o
                0x0000000008001130                SystemClock_Config
 .text.MX_RF_Init
                0x0000000008001228        0xe Core/Src/main.o
 *fill*         0x0000000008001236        0x2 
 .text.MX_RTC_Init
                0x0000000008001238       0x54 Core/Src/main.o
 .text.MX_GPIO_Init
                0x000000000800128c       0x84 Core/Src/main.o
 .text.Error_Handler
                0x0000000008001310        0xe Core/Src/main.o
                0x0000000008001310                Error_Handler
 *fill*         0x000000000800131e        0x2 
 .text.LL_RCC_HSE_SetCapacitorTuning
                0x0000000008001320       0x3c Core/Src/stm32wbxx_hal_msp.o
 .text.LL_RCC_EnableRTC
                0x000000000800135c       0x22 Core/Src/stm32wbxx_hal_msp.o
 .text.LL_AHB3_GRP1_EnableClock
                0x000000000800137e       0x32 Core/Src/stm32wbxx_hal_msp.o
 .text.LL_APB1_GRP1_EnableClock
                0x00000000080013b0       0x32 Core/Src/stm32wbxx_hal_msp.o
 .text.HAL_MspInit
                0x00000000080013e2       0x3e Core/Src/stm32wbxx_hal_msp.o
                0x00000000080013e2                HAL_MspInit
 .text.HAL_RTC_MspInit
                0x0000000008001420       0x2c Core/Src/stm32wbxx_hal_msp.o
                0x0000000008001420                HAL_RTC_MspInit
 .text.NMI_Handler
                0x000000000800144c        0xe Core/Src/stm32wbxx_it.o
                0x000000000800144c                NMI_Handler
 .text.HardFault_Handler
                0x000000000800145a        0x6 Core/Src/stm32wbxx_it.o
                0x000000000800145a                HardFault_Handler
 .text.MemManage_Handler
                0x0000000008001460        0x6 Core/Src/stm32wbxx_it.o
                0x0000000008001460                MemManage_Handler
 .text.BusFault_Handler
                0x0000000008001466        0x6 Core/Src/stm32wbxx_it.o
                0x0000000008001466                BusFault_Handler
 .text.UsageFault_Handler
                0x000000000800146c        0x6 Core/Src/stm32wbxx_it.o
                0x000000000800146c                UsageFault_Handler
 .text.SVC_Handler
                0x0000000008001472        0xe Core/Src/stm32wbxx_it.o
                0x0000000008001472                SVC_Handler
 .text.DebugMon_Handler
                0x0000000008001480        0xe Core/Src/stm32wbxx_it.o
                0x0000000008001480                DebugMon_Handler
 .text.PendSV_Handler
                0x000000000800148e        0xe Core/Src/stm32wbxx_it.o
                0x000000000800148e                PendSV_Handler
 .text.SysTick_Handler
                0x000000000800149c        0xc Core/Src/stm32wbxx_it.o
                0x000000000800149c                SysTick_Handler
 .text.EXTI4_IRQHandler
                0x00000000080014a8        0xe Core/Src/stm32wbxx_it.o
                0x00000000080014a8                EXTI4_IRQHandler
 .text.HSEM_IRQHandler
                0x00000000080014b6        0xc Core/Src/stm32wbxx_it.o
                0x00000000080014b6                HSEM_IRQHandler
 .text.RTC_WKUP_IRQHandler
                0x00000000080014c2        0xc Core/Src/stm32wbxx_it.o
                0x00000000080014c2                RTC_WKUP_IRQHandler
 .text.IPCC_C1_RX_IRQHandler
                0x00000000080014ce        0xc Core/Src/stm32wbxx_it.o
                0x00000000080014ce                IPCC_C1_RX_IRQHandler
 .text.IPCC_C1_TX_IRQHandler
                0x00000000080014da        0xc Core/Src/stm32wbxx_it.o
                0x00000000080014da                IPCC_C1_TX_IRQHandler
 *fill*         0x00000000080014e6        0x2 
 .text.SystemInit
                0x00000000080014e8       0xac Core/Src/system_stm32wbxx.o
                0x00000000080014e8                SystemInit
 .text.SystemCoreClockUpdate
                0x0000000008001594      0x144 Core/Src/system_stm32wbxx.o
                0x0000000008001594                SystemCoreClockUpdate
 .text.data_initializers
                0x00000000080016d8       0x18 Core/Startup/startup_stm32wb55rgvx.o
 .text.Reset_Handler
                0x00000000080016f0       0x54 Core/Startup/startup_stm32wb55rgvx.o
                0x00000000080016f0                Reset_Handler
 .text.Default_Handler
                0x0000000008001744        0x2 Core/Startup/startup_stm32wb55rgvx.o
                0x0000000008001744                RTC_Alarm_IRQHandler
                0x0000000008001744                EXTI2_IRQHandler
                0x0000000008001744                TIM1_CC_IRQHandler
                0x0000000008001744                TSC_IRQHandler
                0x0000000008001744                USB_HP_IRQHandler
                0x0000000008001744                EXTI3_IRQHandler
                0x0000000008001744                LPTIM2_IRQHandler
                0x0000000008001744                I2C3_ER_IRQHandler
                0x0000000008001744                EXTI0_IRQHandler
                0x0000000008001744                FPU_IRQHandler
                0x0000000008001744                TIM1_UP_TIM16_IRQHandler
                0x0000000008001744                AES1_IRQHandler
                0x0000000008001744                SPI1_IRQHandler
                0x0000000008001744                PWR_SOTF_BLEACT_802ACT_RFPHASE_IRQHandler
                0x0000000008001744                DMA2_Channel2_IRQHandler
                0x0000000008001744                DMA1_Channel4_IRQHandler
                0x0000000008001744                ADC1_IRQHandler
                0x0000000008001744                PKA_IRQHandler
                0x0000000008001744                DMA1_Channel7_IRQHandler
                0x0000000008001744                LCD_IRQHandler
                0x0000000008001744                DMA2_Channel1_IRQHandler
                0x0000000008001744                QUADSPI_IRQHandler
                0x0000000008001744                I2C1_EV_IRQHandler
                0x0000000008001744                DMAMUX1_OVR_IRQHandler
                0x0000000008001744                DMA1_Channel6_IRQHandler
                0x0000000008001744                DMA2_Channel4_IRQHandler
                0x0000000008001744                RCC_IRQHandler
                0x0000000008001744                DMA1_Channel1_IRQHandler
                0x0000000008001744                Default_Handler
                0x0000000008001744                DMA2_Channel7_IRQHandler
                0x0000000008001744                EXTI15_10_IRQHandler
                0x0000000008001744                C2SEV_PWR_C2H_IRQHandler
                0x0000000008001744                AES2_IRQHandler
                0x0000000008001744                I2C3_EV_IRQHandler
                0x0000000008001744                EXTI9_5_IRQHandler
                0x0000000008001744                PVD_PVM_IRQHandler
                0x0000000008001744                SPI2_IRQHandler
                0x0000000008001744                DMA2_Channel5_IRQHandler
                0x0000000008001744                CRS_IRQHandler
                0x0000000008001744                DMA1_Channel5_IRQHandler
                0x0000000008001744                USB_LP_IRQHandler
                0x0000000008001744                RNG_IRQHandler
                0x0000000008001744                TIM1_TRG_COM_TIM17_IRQHandler
                0x0000000008001744                TAMP_STAMP_LSECSS_IRQHandler
                0x0000000008001744                DMA1_Channel3_IRQHandler
                0x0000000008001744                COMP_IRQHandler
                0x0000000008001744                WWDG_IRQHandler
                0x0000000008001744                LPUART1_IRQHandler
                0x0000000008001744                DMA2_Channel6_IRQHandler
                0x0000000008001744                TIM2_IRQHandler
                0x0000000008001744                TIM1_BRK_IRQHandler
                0x0000000008001744                EXTI1_IRQHandler
                0x0000000008001744                DMA1_Channel2_IRQHandler
                0x0000000008001744                FLASH_IRQHandler
                0x0000000008001744                USART1_IRQHandler
                0x0000000008001744                I2C1_ER_IRQHandler
                0x0000000008001744                LPTIM1_IRQHandler
                0x0000000008001744                SAI1_IRQHandler
                0x0000000008001744                DMA2_Channel3_IRQHandler
 *fill*         0x0000000008001746        0x2 
 .text.HAL_Init
                0x0000000008001748       0x40 Drivers/STM32WBxx_HAL_Driver/Src/stm32wbxx_hal.o
                0x0000000008001748                HAL_Init
 .text.HAL_InitTick
                0x0000000008001788       0x74 Drivers/STM32WBxx_HAL_Driver/Src/stm32wbxx_hal.o
                0x0000000008001788                HAL_InitTick
 .text.HAL_IncTick
                0x00000000080017fc       0x28 Drivers/STM32WBxx_HAL_Driver/Src/stm32wbxx_hal.o
                0x00000000080017fc                HAL_IncTick
 .text.HAL_GetTick
                0x0000000008001824       0x18 Drivers/STM32WBxx_HAL_Driver/Src/stm32wbxx_hal.o
                0x0000000008001824                HAL_GetTick
 .text.HAL_GetTickPrio
                0x000000000800183c       0x18 Drivers/STM32WBxx_HAL_Driver/Src/stm32wbxx_hal.o
                0x000000000800183c                HAL_GetTickPrio
 .text.HAL_Delay
                0x0000000008001854       0x44 Drivers/STM32WBxx_HAL_Driver/Src/stm32wbxx_hal.o
                0x0000000008001854                HAL_Delay
 .text.__NVIC_SetPriorityGrouping
                0x0000000008001898       0x48 Drivers/STM32WBxx_HAL_Driver/Src/stm32wbxx_hal_cortex.o
 .text.__NVIC_GetPriorityGrouping
                0x00000000080018e0       0x1c Drivers/STM32WBxx_HAL_Driver/Src/stm32wbxx_hal_cortex.o
 .text.__NVIC_EnableIRQ
                0x00000000080018fc       0x3c Drivers/STM32WBxx_HAL_Driver/Src/stm32wbxx_hal_cortex.o
 .text.__NVIC_DisableIRQ
                0x0000000008001938       0x44 Drivers/STM32WBxx_HAL_Driver/Src/stm32wbxx_hal_cortex.o
 .text.__NVIC_SetPendingIRQ
                0x000000000800197c       0x3c Drivers/STM32WBxx_HAL_Driver/Src/stm32wbxx_hal_cortex.o
 .text.__NVIC_ClearPendingIRQ
                0x00000000080019b8       0x3c Drivers/STM32WBxx_HAL_Driver/Src/stm32wbxx_hal_cortex.o
 .text.__NVIC_SetPriority
                0x00000000080019f4       0x54 Drivers/STM32WBxx_HAL_Driver/Src/stm32wbxx_hal_cortex.o
 .text.NVIC_EncodePriority
                0x0000000008001a48       0x66 Drivers/STM32WBxx_HAL_Driver/Src/stm32wbxx_hal_cortex.o
 *fill*         0x0000000008001aae        0x2 
 .text.SysTick_Config
                0x0000000008001ab0       0x44 Drivers/STM32WBxx_HAL_Driver/Src/stm32wbxx_hal_cortex.o
 .text.HAL_NVIC_SetPriorityGrouping
                0x0000000008001af4       0x16 Drivers/STM32WBxx_HAL_Driver/Src/stm32wbxx_hal_cortex.o
                0x0000000008001af4                HAL_NVIC_SetPriorityGrouping
 .text.HAL_NVIC_SetPriority
                0x0000000008001b0a       0x34 Drivers/STM32WBxx_HAL_Driver/Src/stm32wbxx_hal_cortex.o
                0x0000000008001b0a                HAL_NVIC_SetPriority
 .text.HAL_NVIC_EnableIRQ
                0x0000000008001b3e       0x1c Drivers/STM32WBxx_HAL_Driver/Src/stm32wbxx_hal_cortex.o
                0x0000000008001b3e                HAL_NVIC_EnableIRQ
 .text.HAL_NVIC_DisableIRQ
                0x0000000008001b5a       0x1c Drivers/STM32WBxx_HAL_Driver/Src/stm32wbxx_hal_cortex.o
                0x0000000008001b5a                HAL_NVIC_DisableIRQ
 .text.HAL_SYSTICK_Config
                0x0000000008001b76       0x18 Drivers/STM32WBxx_HAL_Driver/Src/stm32wbxx_hal_cortex.o
                0x0000000008001b76                HAL_SYSTICK_Config
 .text.HAL_NVIC_SetPendingIRQ
                0x0000000008001b8e       0x1c Drivers/STM32WBxx_HAL_Driver/Src/stm32wbxx_hal_cortex.o
                0x0000000008001b8e                HAL_NVIC_SetPendingIRQ
 .text.HAL_NVIC_ClearPendingIRQ
                0x0000000008001baa       0x1c Drivers/STM32WBxx_HAL_Driver/Src/stm32wbxx_hal_cortex.o
                0x0000000008001baa                HAL_NVIC_ClearPendingIRQ
 *fill*         0x0000000008001bc6        0x2 
 .text.HAL_GPIO_Init
                0x0000000008001bc8      0x2e0 Drivers/STM32WBxx_HAL_Driver/Src/stm32wbxx_hal_gpio.o
                0x0000000008001bc8                HAL_GPIO_Init
 .text.HAL_GPIO_WritePin
                0x0000000008001ea8       0x30 Drivers/STM32WBxx_HAL_Driver/Src/stm32wbxx_hal_gpio.o
                0x0000000008001ea8                HAL_GPIO_WritePin
 .text.HAL_GPIO_EXTI_IRQHandler
                0x0000000008001ed8       0x30 Drivers/STM32WBxx_HAL_Driver/Src/stm32wbxx_hal_gpio.o
                0x0000000008001ed8                HAL_GPIO_EXTI_IRQHandler
 .text.HAL_HSEM_IRQHandler
                0x0000000008001f08       0x34 Drivers/STM32WBxx_HAL_Driver/Src/stm32wbxx_hal_hsem.o
                0x0000000008001f08                HAL_HSEM_IRQHandler
 .text.HAL_HSEM_FreeCallback
                0x0000000008001f3c       0x14 Drivers/STM32WBxx_HAL_Driver/Src/stm32wbxx_hal_hsem.o
                0x0000000008001f3c                HAL_HSEM_FreeCallback
 .text.HAL_PWR_EnableBkUpAccess
                0x0000000008001f50       0x20 Drivers/STM32WBxx_HAL_Driver/Src/stm32wbxx_hal_pwr.o
                0x0000000008001f50                HAL_PWR_EnableBkUpAccess
 .text.HAL_PWREx_GetVoltageRange
                0x0000000008001f70       0x1c Drivers/STM32WBxx_HAL_Driver/Src/stm32wbxx_hal_pwr_ex.o
                0x0000000008001f70                HAL_PWREx_GetVoltageRange
 .text.LL_RCC_HSE_IsEnabledDiv2
                0x0000000008001f8c       0x24 Drivers/STM32WBxx_HAL_Driver/Src/stm32wbxx_hal_rcc.o
 .text.LL_RCC_HSE_EnableBypass
                0x0000000008001fb0       0x1e Drivers/STM32WBxx_HAL_Driver/Src/stm32wbxx_hal_rcc.o
 .text.LL_RCC_HSE_DisableBypass
                0x0000000008001fce       0x1e Drivers/STM32WBxx_HAL_Driver/Src/stm32wbxx_hal_rcc.o
 .text.LL_RCC_HSE_Enable
                0x0000000008001fec       0x1e Drivers/STM32WBxx_HAL_Driver/Src/stm32wbxx_hal_rcc.o
 .text.LL_RCC_HSE_Disable
                0x000000000800200a       0x1e Drivers/STM32WBxx_HAL_Driver/Src/stm32wbxx_hal_rcc.o
 .text.LL_RCC_HSE_IsReady
                0x0000000008002028       0x24 Drivers/STM32WBxx_HAL_Driver/Src/stm32wbxx_hal_rcc.o
 .text.LL_RCC_HSI_Enable
                0x000000000800204c       0x1e Drivers/STM32WBxx_HAL_Driver/Src/stm32wbxx_hal_rcc.o
 .text.LL_RCC_HSI_Disable
                0x000000000800206a       0x1e Drivers/STM32WBxx_HAL_Driver/Src/stm32wbxx_hal_rcc.o
 .text.LL_RCC_HSI_IsReady
                0x0000000008002088       0x24 Drivers/STM32WBxx_HAL_Driver/Src/stm32wbxx_hal_rcc.o
 .text.LL_RCC_HSI_SetCalibTrimming
                0x00000000080020ac       0x2a Drivers/STM32WBxx_HAL_Driver/Src/stm32wbxx_hal_rcc.o
 .text.LL_RCC_HSI48_Enable
                0x00000000080020d6       0x22 Drivers/STM32WBxx_HAL_Driver/Src/stm32wbxx_hal_rcc.o
 .text.LL_RCC_HSI48_Disable
                0x00000000080020f8       0x22 Drivers/STM32WBxx_HAL_Driver/Src/stm32wbxx_hal_rcc.o
 .text.LL_RCC_HSI48_IsReady
                0x000000000800211a       0x24 Drivers/STM32WBxx_HAL_Driver/Src/stm32wbxx_hal_rcc.o
 .text.LL_RCC_LSE_Enable
                0x000000000800213e       0x22 Drivers/STM32WBxx_HAL_Driver/Src/stm32wbxx_hal_rcc.o
 .text.LL_RCC_LSE_Disable
                0x0000000008002160       0x22 Drivers/STM32WBxx_HAL_Driver/Src/stm32wbxx_hal_rcc.o
 .text.LL_RCC_LSE_EnableBypass
                0x0000000008002182       0x22 Drivers/STM32WBxx_HAL_Driver/Src/stm32wbxx_hal_rcc.o
 .text.LL_RCC_LSE_DisableBypass
                0x00000000080021a4       0x22 Drivers/STM32WBxx_HAL_Driver/Src/stm32wbxx_hal_rcc.o
 .text.LL_RCC_LSE_IsReady
                0x00000000080021c6       0x24 Drivers/STM32WBxx_HAL_Driver/Src/stm32wbxx_hal_rcc.o
 .text.LL_RCC_LSI1_Enable
                0x00000000080021ea       0x22 Drivers/STM32WBxx_HAL_Driver/Src/stm32wbxx_hal_rcc.o
 .text.LL_RCC_LSI1_Disable
                0x000000000800220c       0x22 Drivers/STM32WBxx_HAL_Driver/Src/stm32wbxx_hal_rcc.o
 .text.LL_RCC_LSI1_IsReady
                0x000000000800222e       0x24 Drivers/STM32WBxx_HAL_Driver/Src/stm32wbxx_hal_rcc.o
 .text.LL_RCC_LSI2_Enable
                0x0000000008002252       0x22 Drivers/STM32WBxx_HAL_Driver/Src/stm32wbxx_hal_rcc.o
 .text.LL_RCC_LSI2_Disable
                0x0000000008002274       0x22 Drivers/STM32WBxx_HAL_Driver/Src/stm32wbxx_hal_rcc.o
 .text.LL_RCC_LSI2_IsReady
                0x0000000008002296       0x24 Drivers/STM32WBxx_HAL_Driver/Src/stm32wbxx_hal_rcc.o
 .text.LL_RCC_LSI2_SetTrimming
                0x00000000080022ba       0x2e Drivers/STM32WBxx_HAL_Driver/Src/stm32wbxx_hal_rcc.o
 .text.LL_RCC_MSI_Enable
                0x00000000080022e8       0x1e Drivers/STM32WBxx_HAL_Driver/Src/stm32wbxx_hal_rcc.o
 .text.LL_RCC_MSI_Disable
                0x0000000008002306       0x1e Drivers/STM32WBxx_HAL_Driver/Src/stm32wbxx_hal_rcc.o
 .text.LL_RCC_MSI_IsReady
                0x0000000008002324       0x22 Drivers/STM32WBxx_HAL_Driver/Src/stm32wbxx_hal_rcc.o
 .text.LL_RCC_MSI_SetRange
                0x0000000008002346       0x28 Drivers/STM32WBxx_HAL_Driver/Src/stm32wbxx_hal_rcc.o
 .text.LL_RCC_MSI_GetRange
                0x000000000800236e       0x2a Drivers/STM32WBxx_HAL_Driver/Src/stm32wbxx_hal_rcc.o
 .text.LL_RCC_MSI_SetCalibTrimming
                0x0000000008002398       0x2a Drivers/STM32WBxx_HAL_Driver/Src/stm32wbxx_hal_rcc.o
 .text.LL_RCC_SetSysClkSource
                0x00000000080023c2       0x28 Drivers/STM32WBxx_HAL_Driver/Src/stm32wbxx_hal_rcc.o
 .text.LL_RCC_GetSysClkSource
                0x00000000080023ea       0x18 Drivers/STM32WBxx_HAL_Driver/Src/stm32wbxx_hal_rcc.o
 .text.LL_RCC_SetAHBPrescaler
                0x0000000008002402       0x28 Drivers/STM32WBxx_HAL_Driver/Src/stm32wbxx_hal_rcc.o
 .text.LL_C2_RCC_SetAHBPrescaler
                0x000000000800242a       0x2c Drivers/STM32WBxx_HAL_Driver/Src/stm32wbxx_hal_rcc.o
 .text.LL_RCC_SetAHB4Prescaler
                0x0000000008002456       0x2e Drivers/STM32WBxx_HAL_Driver/Src/stm32wbxx_hal_rcc.o
 .text.LL_RCC_SetAPB1Prescaler
                0x0000000008002484       0x28 Drivers/STM32WBxx_HAL_Driver/Src/stm32wbxx_hal_rcc.o
 .text.LL_RCC_SetAPB2Prescaler
                0x00000000080024ac       0x28 Drivers/STM32WBxx_HAL_Driver/Src/stm32wbxx_hal_rcc.o
 .text.LL_RCC_GetAHBPrescaler
                0x00000000080024d4       0x18 Drivers/STM32WBxx_HAL_Driver/Src/stm32wbxx_hal_rcc.o
 .text.LL_RCC_GetAHB4Prescaler
                0x00000000080024ec       0x1c Drivers/STM32WBxx_HAL_Driver/Src/stm32wbxx_hal_rcc.o
 .text.LL_RCC_PLL_Enable
                0x0000000008002508       0x1e Drivers/STM32WBxx_HAL_Driver/Src/stm32wbxx_hal_rcc.o
 .text.LL_RCC_PLL_Disable
                0x0000000008002526       0x1e Drivers/STM32WBxx_HAL_Driver/Src/stm32wbxx_hal_rcc.o
 .text.LL_RCC_PLL_IsReady
                0x0000000008002544       0x24 Drivers/STM32WBxx_HAL_Driver/Src/stm32wbxx_hal_rcc.o
 .text.LL_RCC_PLL_GetN
                0x0000000008002568       0x1a Drivers/STM32WBxx_HAL_Driver/Src/stm32wbxx_hal_rcc.o
 .text.LL_RCC_PLL_GetR
                0x0000000008002582       0x18 Drivers/STM32WBxx_HAL_Driver/Src/stm32wbxx_hal_rcc.o
 .text.LL_RCC_PLL_GetDivider
                0x000000000800259a       0x18 Drivers/STM32WBxx_HAL_Driver/Src/stm32wbxx_hal_rcc.o
 .text.LL_RCC_PLL_GetMainSource
                0x00000000080025b2       0x18 Drivers/STM32WBxx_HAL_Driver/Src/stm32wbxx_hal_rcc.o
 .text.LL_RCC_IsActiveFlag_HPRE
                0x00000000080025ca       0x24 Drivers/STM32WBxx_HAL_Driver/Src/stm32wbxx_hal_rcc.o
 .text.LL_RCC_IsActiveFlag_C2HPRE
                0x00000000080025ee       0x26 Drivers/STM32WBxx_HAL_Driver/Src/stm32wbxx_hal_rcc.o
 .text.LL_RCC_IsActiveFlag_SHDHPRE
                0x0000000008002614       0x26 Drivers/STM32WBxx_HAL_Driver/Src/stm32wbxx_hal_rcc.o
 .text.LL_RCC_IsActiveFlag_PPRE1
                0x000000000800263a       0x24 Drivers/STM32WBxx_HAL_Driver/Src/stm32wbxx_hal_rcc.o
 .text.LL_RCC_IsActiveFlag_PPRE2
                0x000000000800265e       0x24 Drivers/STM32WBxx_HAL_Driver/Src/stm32wbxx_hal_rcc.o
 *fill*         0x0000000008002682        0x2 
 .text.HAL_RCC_OscConfig
                0x0000000008002684      0x728 Drivers/STM32WBxx_HAL_Driver/Src/stm32wbxx_hal_rcc.o
                0x0000000008002684                HAL_RCC_OscConfig
 .text.HAL_RCC_ClockConfig
                0x0000000008002dac      0x278 Drivers/STM32WBxx_HAL_Driver/Src/stm32wbxx_hal_rcc.o
                0x0000000008002dac                HAL_RCC_ClockConfig
 .text.HAL_RCC_GetSysClockFreq
                0x0000000008003024       0xd4 Drivers/STM32WBxx_HAL_Driver/Src/stm32wbxx_hal_rcc.o
                0x0000000008003024                HAL_RCC_GetSysClockFreq
 .text.HAL_RCC_GetHCLKFreq
                0x00000000080030f8       0x28 Drivers/STM32WBxx_HAL_Driver/Src/stm32wbxx_hal_rcc.o
                0x00000000080030f8                HAL_RCC_GetHCLKFreq
 .text.RCC_SetFlashLatencyFromMSIRange
                0x0000000008003120       0x70 Drivers/STM32WBxx_HAL_Driver/Src/stm32wbxx_hal_rcc.o
 .text.RCC_SetFlashLatency
                0x0000000008003190      0x100 Drivers/STM32WBxx_HAL_Driver/Src/stm32wbxx_hal_rcc.o
 .text.LL_RCC_LSE_IsEnabled
                0x0000000008003290       0x24 Drivers/STM32WBxx_HAL_Driver/Src/stm32wbxx_hal_rcc_ex.o
 .text.LL_RCC_LSE_IsReady
                0x00000000080032b4       0x24 Drivers/STM32WBxx_HAL_Driver/Src/stm32wbxx_hal_rcc_ex.o
 .text.LL_RCC_SetRFWKPClockSource
                0x00000000080032d8       0x2c Drivers/STM32WBxx_HAL_Driver/Src/stm32wbxx_hal_rcc_ex.o
 .text.LL_RCC_SetSMPSClockSource
                0x0000000008003304       0x28 Drivers/STM32WBxx_HAL_Driver/Src/stm32wbxx_hal_rcc_ex.o
 .text.LL_RCC_SetSMPSPrescaler
                0x000000000800332c       0x28 Drivers/STM32WBxx_HAL_Driver/Src/stm32wbxx_hal_rcc_ex.o
 .text.LL_RCC_SetUSARTClockSource
                0x0000000008003354       0x2c Drivers/STM32WBxx_HAL_Driver/Src/stm32wbxx_hal_rcc_ex.o
 .text.LL_RCC_SetLPUARTClockSource
                0x0000000008003380       0x2c Drivers/STM32WBxx_HAL_Driver/Src/stm32wbxx_hal_rcc_ex.o
 .text.LL_RCC_SetI2CClockSource
                0x00000000080033ac       0x3a Drivers/STM32WBxx_HAL_Driver/Src/stm32wbxx_hal_rcc_ex.o
 .text.LL_RCC_SetLPTIMClockSource
                0x00000000080033e6       0x34 Drivers/STM32WBxx_HAL_Driver/Src/stm32wbxx_hal_rcc_ex.o
 .text.LL_RCC_SetSAIClockSource
                0x000000000800341a       0x2c Drivers/STM32WBxx_HAL_Driver/Src/stm32wbxx_hal_rcc_ex.o
 .text.LL_RCC_SetRNGClockSource
                0x0000000008003446       0x2c Drivers/STM32WBxx_HAL_Driver/Src/stm32wbxx_hal_rcc_ex.o
 .text.LL_RCC_SetCLK48ClockSource
                0x0000000008003472       0x2c Drivers/STM32WBxx_HAL_Driver/Src/stm32wbxx_hal_rcc_ex.o
 .text.LL_RCC_SetUSBClockSource
                0x000000000800349e       0x16 Drivers/STM32WBxx_HAL_Driver/Src/stm32wbxx_hal_rcc_ex.o
 .text.LL_RCC_SetADCClockSource
                0x00000000080034b4       0x2c Drivers/STM32WBxx_HAL_Driver/Src/stm32wbxx_hal_rcc_ex.o
 .text.LL_RCC_SetRTCClockSource
                0x00000000080034e0       0x2c Drivers/STM32WBxx_HAL_Driver/Src/stm32wbxx_hal_rcc_ex.o
 .text.LL_RCC_GetRTCClockSource
                0x000000000800350c       0x1a Drivers/STM32WBxx_HAL_Driver/Src/stm32wbxx_hal_rcc_ex.o
 .text.LL_RCC_ForceBackupDomainReset
                0x0000000008003526       0x22 Drivers/STM32WBxx_HAL_Driver/Src/stm32wbxx_hal_rcc_ex.o
 .text.LL_RCC_ReleaseBackupDomainReset
                0x0000000008003548       0x22 Drivers/STM32WBxx_HAL_Driver/Src/stm32wbxx_hal_rcc_ex.o
 .text.LL_RCC_PLLSAI1_Enable
                0x000000000800356a       0x1e Drivers/STM32WBxx_HAL_Driver/Src/stm32wbxx_hal_rcc_ex.o
 .text.LL_RCC_PLLSAI1_Disable
                0x0000000008003588       0x1e Drivers/STM32WBxx_HAL_Driver/Src/stm32wbxx_hal_rcc_ex.o
 .text.LL_RCC_PLLSAI1_IsReady
                0x00000000080035a6       0x24 Drivers/STM32WBxx_HAL_Driver/Src/stm32wbxx_hal_rcc_ex.o
 .text.HAL_RCCEx_PeriphCLKConfig
                0x00000000080035ca      0x2ea Drivers/STM32WBxx_HAL_Driver/Src/stm32wbxx_hal_rcc_ex.o
                0x00000000080035ca                HAL_RCCEx_PeriphCLKConfig
 .text.RCCEx_PLLSAI1_ConfigNP
                0x00000000080038b4       0xb6 Drivers/STM32WBxx_HAL_Driver/Src/stm32wbxx_hal_rcc_ex.o
 .text.RCCEx_PLLSAI1_ConfigNQ
                0x000000000800396a       0xb6 Drivers/STM32WBxx_HAL_Driver/Src/stm32wbxx_hal_rcc_ex.o
 .text.RCCEx_PLLSAI1_ConfigNR
                0x0000000008003a20       0xb6 Drivers/STM32WBxx_HAL_Driver/Src/stm32wbxx_hal_rcc_ex.o
 .text.HAL_RTC_Init
                0x0000000008003ad6      0x13c Drivers/STM32WBxx_HAL_Driver/Src/stm32wbxx_hal_rtc.o
                0x0000000008003ad6                HAL_RTC_Init
 .text.HAL_RTC_WaitForSynchro
                0x0000000008003c12       0x4c Drivers/STM32WBxx_HAL_Driver/Src/stm32wbxx_hal_rtc.o
                0x0000000008003c12                HAL_RTC_WaitForSynchro
 .text.RTC_EnterInitMode
                0x0000000008003c5e       0x54 Drivers/STM32WBxx_HAL_Driver/Src/stm32wbxx_hal_rtc.o
                0x0000000008003c5e                RTC_EnterInitMode
 .text.aci_gap_set_non_discoverable
                0x0000000008003cb2       0x48 Middlewares/ST/STM32_WPAN/ble/core/auto/ble_gap_aci.o
                0x0000000008003cb2                aci_gap_set_non_discoverable
 .text.aci_gap_set_discoverable
                0x0000000008003cfa      0x1bc Middlewares/ST/STM32_WPAN/ble/core/auto/ble_gap_aci.o
                0x0000000008003cfa                aci_gap_set_discoverable
 .text.aci_gap_set_io_capability
                0x0000000008003eb6       0x94 Middlewares/ST/STM32_WPAN/ble/core/auto/ble_gap_aci.o
                0x0000000008003eb6                aci_gap_set_io_capability
 .text.aci_gap_set_authentication_requirement
                0x0000000008003f4a      0x150 Middlewares/ST/STM32_WPAN/ble/core/auto/ble_gap_aci.o
                0x0000000008003f4a                aci_gap_set_authentication_requirement
 .text.aci_gap_init
                0x000000000800409a      0x116 Middlewares/ST/STM32_WPAN/ble/core/auto/ble_gap_aci.o
                0x000000000800409a                aci_gap_init
 .text.aci_gap_update_adv_data
                0x00000000080041b0       0xb8 Middlewares/ST/STM32_WPAN/ble/core/auto/ble_gap_aci.o
                0x00000000080041b0                aci_gap_update_adv_data
 .text.aci_gap_configure_whitelist
                0x0000000008004268       0x48 Middlewares/ST/STM32_WPAN/ble/core/auto/ble_gap_aci.o
                0x0000000008004268                aci_gap_configure_whitelist
 .text.aci_gatt_init
                0x00000000080042b0       0x4a Middlewares/ST/STM32_WPAN/ble/core/auto/ble_gatt_aci.o
                0x00000000080042b0                aci_gatt_init
 .text.aci_gatt_add_service
                0x00000000080042fa      0x15e Middlewares/ST/STM32_WPAN/ble/core/auto/ble_gatt_aci.o
                0x00000000080042fa                aci_gatt_add_service
 .text.aci_gatt_add_char
                0x0000000008004458      0x1d4 Middlewares/ST/STM32_WPAN/ble/core/auto/ble_gatt_aci.o
                0x0000000008004458                aci_gatt_add_char
 .text.aci_gatt_update_char_value
                0x000000000800462c      0x10e Middlewares/ST/STM32_WPAN/ble/core/auto/ble_gatt_aci.o
                0x000000000800462c                aci_gatt_update_char_value
 .text.aci_hal_write_config_data
                0x000000000800473a       0xd2 Middlewares/ST/STM32_WPAN/ble/core/auto/ble_hal_aci.o
                0x000000000800473a                aci_hal_write_config_data
 .text.aci_hal_set_tx_power_level
                0x000000000800480c       0xae Middlewares/ST/STM32_WPAN/ble/core/auto/ble_hal_aci.o
                0x000000000800480c                aci_hal_set_tx_power_level
 .text.aci_hal_set_radio_activity_mask
                0x00000000080048ba       0x94 Middlewares/ST/STM32_WPAN/ble/core/auto/ble_hal_aci.o
                0x00000000080048ba                aci_hal_set_radio_activity_mask
 .text.hci_reset
                0x000000000800494e       0x48 Middlewares/ST/STM32_WPAN/ble/core/auto/ble_hci_le.o
                0x000000000800494e                hci_reset
 .text.hci_le_read_phy
                0x0000000008004996       0xd0 Middlewares/ST/STM32_WPAN/ble/core/auto/ble_hci_le.o
                0x0000000008004996                hci_le_read_phy
 .text.hci_le_set_default_phy
                0x0000000008004a66       0xce Middlewares/ST/STM32_WPAN/ble/core/auto/ble_hci_le.o
                0x0000000008004a66                hci_le_set_default_phy
 .text.Osal_MemCpy
                0x0000000008004b34       0x20 Middlewares/ST/STM32_WPAN/ble/core/template/osal.o
                0x0000000008004b34                Osal_MemCpy
 .text.Osal_MemSet
                0x0000000008004b54       0x20 Middlewares/ST/STM32_WPAN/ble/core/template/osal.o
                0x0000000008004b54                Osal_MemSet
 .text.PeerToPeer_Event_Handler
                0x0000000008004b74       0xc4 Middlewares/ST/STM32_WPAN/ble/svc/Src/p2p_stm.o
 .text.P2PS_STM_Init
                0x0000000008004c38      0x140 Middlewares/ST/STM32_WPAN/ble/svc/Src/p2p_stm.o
                0x0000000008004c38                P2PS_STM_Init
 .text.P2PS_STM_App_Update_Char
                0x0000000008004d78       0x44 Middlewares/ST/STM32_WPAN/ble/svc/Src/p2p_stm.o
                0x0000000008004d78                P2PS_STM_App_Update_Char
 .text.BLS_Init
                0x0000000008004dbc        0xe Middlewares/ST/STM32_WPAN/ble/svc/Src/svc_ctl.o
                0x0000000008004dbc                BLS_Init
 .text.CRS_STM_Init
                0x0000000008004dca        0xe Middlewares/ST/STM32_WPAN/ble/svc/Src/svc_ctl.o
                0x0000000008004dca                CRS_STM_Init
 .text.DIS_Init
                0x0000000008004dd8        0xe Middlewares/ST/STM32_WPAN/ble/svc/Src/svc_ctl.o
                0x0000000008004dd8                DIS_Init
 .text.EDS_STM_Init
                0x0000000008004de6        0xe Middlewares/ST/STM32_WPAN/ble/svc/Src/svc_ctl.o
                0x0000000008004de6                EDS_STM_Init
 .text.HIDS_Init
                0x0000000008004df4        0xe Middlewares/ST/STM32_WPAN/ble/svc/Src/svc_ctl.o
                0x0000000008004df4                HIDS_Init
 .text.HRS_Init
                0x0000000008004e02        0xe Middlewares/ST/STM32_WPAN/ble/svc/Src/svc_ctl.o
                0x0000000008004e02                HRS_Init
 .text.HTS_Init
                0x0000000008004e10        0xe Middlewares/ST/STM32_WPAN/ble/svc/Src/svc_ctl.o
                0x0000000008004e10                HTS_Init
 .text.IAS_Init
                0x0000000008004e1e        0xe Middlewares/ST/STM32_WPAN/ble/svc/Src/svc_ctl.o
                0x0000000008004e1e                IAS_Init
 .text.LLS_Init
                0x0000000008004e2c        0xe Middlewares/ST/STM32_WPAN/ble/svc/Src/svc_ctl.o
                0x0000000008004e2c                LLS_Init
 .text.TPS_Init
                0x0000000008004e3a        0xe Middlewares/ST/STM32_WPAN/ble/svc/Src/svc_ctl.o
                0x0000000008004e3a                TPS_Init
 .text.MOTENV_STM_Init
                0x0000000008004e48        0xe Middlewares/ST/STM32_WPAN/ble/svc/Src/svc_ctl.o
                0x0000000008004e48                MOTENV_STM_Init
 .text.OTAS_STM_Init
                0x0000000008004e56        0xe Middlewares/ST/STM32_WPAN/ble/svc/Src/svc_ctl.o
                0x0000000008004e56                OTAS_STM_Init
 .text.MESH_Init
                0x0000000008004e64        0xe Middlewares/ST/STM32_WPAN/ble/svc/Src/svc_ctl.o
                0x0000000008004e64                MESH_Init
 .text.BVOPUS_STM_Init
                0x0000000008004e72        0xe Middlewares/ST/STM32_WPAN/ble/svc/Src/svc_ctl.o
                0x0000000008004e72                BVOPUS_STM_Init
 .text.SVCCTL_InitCustomSvc
                0x0000000008004e80        0xe Middlewares/ST/STM32_WPAN/ble/svc/Src/svc_ctl.o
                0x0000000008004e80                SVCCTL_InitCustomSvc
 *fill*         0x0000000008004e8e        0x2 
 .text.SVCCTL_Init
                0x0000000008004e90       0x20 Middlewares/ST/STM32_WPAN/ble/svc/Src/svc_ctl.o
                0x0000000008004e90                SVCCTL_Init
 .text.SVCCTL_SvcInit
                0x0000000008004eb0       0x48 Middlewares/ST/STM32_WPAN/ble/svc/Src/svc_ctl.o
                0x0000000008004eb0                SVCCTL_SvcInit
 .text.SVCCTL_RegisterSvcHandler
                0x0000000008004ef8       0x34 Middlewares/ST/STM32_WPAN/ble/svc/Src/svc_ctl.o
                0x0000000008004ef8                SVCCTL_RegisterSvcHandler
 .text.SVCCTL_UserEvtRx
                0x0000000008004f2c       0xa4 Middlewares/ST/STM32_WPAN/ble/svc/Src/svc_ctl.o
                0x0000000008004f2c                SVCCTL_UserEvtRx
 .text.SHCI_C2_BLE_Init
                0x0000000008004fd0       0x2e Middlewares/ST/STM32_WPAN/interface/patterns/ble_thread/shci/shci.o
                0x0000000008004fd0                SHCI_C2_BLE_Init
 .text.SHCI_C2_DEBUG_Init
                0x0000000008004ffe       0x2e Middlewares/ST/STM32_WPAN/interface/patterns/ble_thread/shci/shci.o
                0x0000000008004ffe                SHCI_C2_DEBUG_Init
 .text.hci_init
                0x000000000800502c       0x38 Middlewares/ST/STM32_WPAN/interface/patterns/ble_thread/tl/hci_tl.o
                0x000000000800502c                hci_init
 .text.hci_user_evt_proc
                0x0000000008005064       0xa4 Middlewares/ST/STM32_WPAN/interface/patterns/ble_thread/tl/hci_tl.o
                0x0000000008005064                hci_user_evt_proc
 .text.hci_send_req
                0x0000000008005108      0x104 Middlewares/ST/STM32_WPAN/interface/patterns/ble_thread/tl/hci_tl.o
                0x0000000008005108                hci_send_req
 .text.TlInit   0x000000000800520c       0x60 Middlewares/ST/STM32_WPAN/interface/patterns/ble_thread/tl/hci_tl.o
 .text.SendCmd  0x000000000800526c       0x58 Middlewares/ST/STM32_WPAN/interface/patterns/ble_thread/tl/hci_tl.o
 .text.NotifyCmdStatus
                0x00000000080052c4       0x40 Middlewares/ST/STM32_WPAN/interface/patterns/ble_thread/tl/hci_tl.o
 .text.TlEvtReceived
                0x0000000008005304       0x48 Middlewares/ST/STM32_WPAN/interface/patterns/ble_thread/tl/hci_tl.o
 .text.OutputCmdTrace
                0x000000000800534c       0x14 Middlewares/ST/STM32_WPAN/interface/patterns/ble_thread/tl/hci_tl.o
 .text.OutputRspTrace
                0x0000000008005360       0x28 Middlewares/ST/STM32_WPAN/interface/patterns/ble_thread/tl/hci_tl.o
 .text.OutputEvtTrace
                0x0000000008005388       0x1e Middlewares/ST/STM32_WPAN/interface/patterns/ble_thread/tl/hci_tl.o
 *fill*         0x00000000080053a6        0x2 
 .text.hci_register_io_bus
                0x00000000080053a8       0x28 Middlewares/ST/STM32_WPAN/interface/patterns/ble_thread/tl/hci_tl_if.o
                0x00000000080053a8                hci_register_io_bus
 .text.shci_init
                0x00000000080053d0       0x38 Middlewares/ST/STM32_WPAN/interface/patterns/ble_thread/tl/shci_tl.o
                0x00000000080053d0                shci_init
 .text.shci_user_evt_proc
                0x0000000008005408       0xa4 Middlewares/ST/STM32_WPAN/interface/patterns/ble_thread/tl/shci_tl.o
                0x0000000008005408                shci_user_evt_proc
 .text.shci_send
                0x00000000080054ac       0x8c Middlewares/ST/STM32_WPAN/interface/patterns/ble_thread/tl/shci_tl.o
                0x00000000080054ac                shci_send
 .text.TlInit   0x0000000008005538       0x64 Middlewares/ST/STM32_WPAN/interface/patterns/ble_thread/tl/shci_tl.o
 .text.Cmd_SetStatus
                0x000000000800559c       0x50 Middlewares/ST/STM32_WPAN/interface/patterns/ble_thread/tl/shci_tl.o
 .text.TlCmdEvtReceived
                0x00000000080055ec       0x16 Middlewares/ST/STM32_WPAN/interface/patterns/ble_thread/tl/shci_tl.o
 *fill*         0x0000000008005602        0x2 
 .text.TlUserEvtReceived
                0x0000000008005604       0x24 Middlewares/ST/STM32_WPAN/interface/patterns/ble_thread/tl/shci_tl.o
 .text.OutputCmdTrace
                0x0000000008005628       0x14 Middlewares/ST/STM32_WPAN/interface/patterns/ble_thread/tl/shci_tl.o
 .text.OutputRspTrace
                0x000000000800563c       0x20 Middlewares/ST/STM32_WPAN/interface/patterns/ble_thread/tl/shci_tl.o
 .text.OutputEvtTrace
                0x000000000800565c       0x1e Middlewares/ST/STM32_WPAN/interface/patterns/ble_thread/tl/shci_tl.o
 *fill*         0x000000000800567a        0x2 
 .text.shci_register_io_bus
                0x000000000800567c       0x28 Middlewares/ST/STM32_WPAN/interface/patterns/ble_thread/tl/shci_tl_if.o
                0x000000000800567c                shci_register_io_bus
 .text.TL_Enable
                0x00000000080056a4        0xc Middlewares/ST/STM32_WPAN/interface/patterns/ble_thread/tl/tl_mbox.o
                0x00000000080056a4                TL_Enable
 .text.TL_Init  0x00000000080056b0       0x74 Middlewares/ST/STM32_WPAN/interface/patterns/ble_thread/tl/tl_mbox.o
                0x00000000080056b0                TL_Init
 .text.TL_BLE_Init
                0x0000000008005724       0x68 Middlewares/ST/STM32_WPAN/interface/patterns/ble_thread/tl/tl_mbox.o
                0x0000000008005724                TL_BLE_Init
 .text.TL_BLE_SendCmd
                0x000000000800578c       0x28 Middlewares/ST/STM32_WPAN/interface/patterns/ble_thread/tl/tl_mbox.o
                0x000000000800578c                TL_BLE_SendCmd
 .text.HW_IPCC_BLE_RxEvtNot
                0x00000000080057b4       0x38 Middlewares/ST/STM32_WPAN/interface/patterns/ble_thread/tl/tl_mbox.o
                0x00000000080057b4                HW_IPCC_BLE_RxEvtNot
 .text.HW_IPCC_BLE_AclDataAckNot
                0x00000000080057ec       0x14 Middlewares/ST/STM32_WPAN/interface/patterns/ble_thread/tl/tl_mbox.o
                0x00000000080057ec                HW_IPCC_BLE_AclDataAckNot
 .text.TL_SYS_Init
                0x0000000008005800       0x54 Middlewares/ST/STM32_WPAN/interface/patterns/ble_thread/tl/tl_mbox.o
                0x0000000008005800                TL_SYS_Init
 .text.TL_SYS_SendCmd
                0x0000000008005854       0x28 Middlewares/ST/STM32_WPAN/interface/patterns/ble_thread/tl/tl_mbox.o
                0x0000000008005854                TL_SYS_SendCmd
 .text.HW_IPCC_SYS_CmdEvtNot
                0x000000000800587c       0x20 Middlewares/ST/STM32_WPAN/interface/patterns/ble_thread/tl/tl_mbox.o
                0x000000000800587c                HW_IPCC_SYS_CmdEvtNot
 .text.HW_IPCC_SYS_EvtNot
                0x000000000800589c       0x38 Middlewares/ST/STM32_WPAN/interface/patterns/ble_thread/tl/tl_mbox.o
                0x000000000800589c                HW_IPCC_SYS_EvtNot
 .text.TL_MM_Init
                0x00000000080058d4       0x78 Middlewares/ST/STM32_WPAN/interface/patterns/ble_thread/tl/tl_mbox.o
                0x00000000080058d4                TL_MM_Init
 .text.TL_MM_EvtDone
                0x000000000800594c       0x2c Middlewares/ST/STM32_WPAN/interface/patterns/ble_thread/tl/tl_mbox.o
                0x000000000800594c                TL_MM_EvtDone
 .text.SendFreeBuf
                0x0000000008005978       0x40 Middlewares/ST/STM32_WPAN/interface/patterns/ble_thread/tl/tl_mbox.o
 .text.OutputMemReleaseTrace
                0x00000000080059b8       0x30 Middlewares/ST/STM32_WPAN/interface/patterns/ble_thread/tl/tl_mbox.o
 .text.TL_TRACES_Init
                0x00000000080059e8       0x24 Middlewares/ST/STM32_WPAN/interface/patterns/ble_thread/tl/tl_mbox.o
                0x00000000080059e8                TL_TRACES_Init
 .text.HW_IPCC_TRACES_EvtNot
                0x0000000008005a0c       0x34 Middlewares/ST/STM32_WPAN/interface/patterns/ble_thread/tl/tl_mbox.o
                0x0000000008005a0c                HW_IPCC_TRACES_EvtNot
 .text.TL_TRACES_EvtReceived
                0x0000000008005a40       0x14 Middlewares/ST/STM32_WPAN/interface/patterns/ble_thread/tl/tl_mbox.o
                0x0000000008005a40                TL_TRACES_EvtReceived
 .text.OTP_Read
                0x0000000008005a54       0x50 Middlewares/ST/STM32_WPAN/utilities/otp.o
                0x0000000008005a54                OTP_Read
 .text.LST_init_head
                0x0000000008005aa4       0x20 Middlewares/ST/STM32_WPAN/utilities/stm_list.o
                0x0000000008005aa4                LST_init_head
 .text.LST_is_empty
                0x0000000008005ac4       0x40 Middlewares/ST/STM32_WPAN/utilities/stm_list.o
                0x0000000008005ac4                LST_is_empty
 .text.LST_insert_head
                0x0000000008005b04       0x48 Middlewares/ST/STM32_WPAN/utilities/stm_list.o
                0x0000000008005b04                LST_insert_head
 .text.LST_insert_tail
                0x0000000008005b4c       0x48 Middlewares/ST/STM32_WPAN/utilities/stm_list.o
                0x0000000008005b4c                LST_insert_tail
 .text.LST_remove_node
                0x0000000008005b94       0x3e Middlewares/ST/STM32_WPAN/utilities/stm_list.o
                0x0000000008005b94                LST_remove_node
 .text.LST_remove_head
                0x0000000008005bd2       0x3a Middlewares/ST/STM32_WPAN/utilities/stm_list.o
                0x0000000008005bd2                LST_remove_head
 .text.LL_FLASH_GetUDN
                0x0000000008005c0c       0x18 STM32_WPAN/App/app_ble.o
 .text.LL_FLASH_GetDeviceID
                0x0000000008005c24       0x18 STM32_WPAN/App/app_ble.o
 .text.LL_FLASH_GetSTCompanyID
                0x0000000008005c3c       0x18 STM32_WPAN/App/app_ble.o
 .text.APP_BLE_Init
                0x0000000008005c54       0xd0 STM32_WPAN/App/app_ble.o
                0x0000000008005c54                APP_BLE_Init
 .text.SVCCTL_App_Notification
                0x0000000008005d24      0x15c STM32_WPAN/App/app_ble.o
                0x0000000008005d24                SVCCTL_App_Notification
 .text.Ble_Tl_Init
                0x0000000008005e80       0x2c STM32_WPAN/App/app_ble.o
 .text.Ble_Hci_Gap_Gatt_Init
                0x0000000008005eac      0x1b4 STM32_WPAN/App/app_ble.o
 .text.Adv_Request
                0x0000000008006060       0xe4 STM32_WPAN/App/app_ble.o
 .text.BleGetBdAddress
                0x0000000008006144       0x88 STM32_WPAN/App/app_ble.o
 .text.Adv_Cancel
                0x00000000080061cc       0x34 STM32_WPAN/App/app_ble.o
 .text.Adv_Cancel_Req
                0x0000000008006200       0x10 STM32_WPAN/App/app_ble.o
 .text.Switch_OFF_GPIO
                0x0000000008006210        0xe STM32_WPAN/App/app_ble.o
 .text.hci_notify_asynch_evt
                0x000000000800621e       0x18 STM32_WPAN/App/app_ble.o
                0x000000000800621e                hci_notify_asynch_evt
 .text.hci_cmd_resp_release
                0x0000000008006236       0x16 STM32_WPAN/App/app_ble.o
                0x0000000008006236                hci_cmd_resp_release
 .text.hci_cmd_resp_wait
                0x000000000800624c       0x16 STM32_WPAN/App/app_ble.o
                0x000000000800624c                hci_cmd_resp_wait
 .text.BLE_UserEvtRx
                0x0000000008006262       0x38 STM32_WPAN/App/app_ble.o
 .text.BLE_StatusNot
                0x000000000800629a       0x36 STM32_WPAN/App/app_ble.o
 .text.P2PS_STM_App_Notification
                0x00000000080062d0       0x50 STM32_WPAN/App/p2p_server_app.o
                0x00000000080062d0                P2PS_STM_App_Notification
 .text.P2PS_APP_Notification
                0x0000000008006320       0x28 STM32_WPAN/App/p2p_server_app.o
                0x0000000008006320                P2PS_APP_Notification
 .text.P2PS_APP_Init
                0x0000000008006348       0x18 STM32_WPAN/App/p2p_server_app.o
                0x0000000008006348                P2PS_APP_Init
 .text.P2PS_Send_Notification
                0x0000000008006360       0x12 STM32_WPAN/App/p2p_server_app.o
 *fill*         0x0000000008006372        0x2 
 .text.LL_PWR_EnableBootC2
                0x0000000008006374       0x20 STM32_WPAN/Target/hw_ipcc.o
 .text.LL_C2_EXTI_EnableEvent_32_63
                0x0000000008006394       0x28 STM32_WPAN/Target/hw_ipcc.o
 .text.LL_EXTI_EnableRisingTrig_32_63
                0x00000000080063bc       0x24 STM32_WPAN/Target/hw_ipcc.o
 .text.LL_AHB3_GRP1_EnableClock
                0x00000000080063e0       0x32 STM32_WPAN/Target/hw_ipcc.o
 .text.LL_C1_IPCC_EnableIT_TXF
                0x0000000008006412       0x20 STM32_WPAN/Target/hw_ipcc.o
 .text.LL_C1_IPCC_EnableIT_RXO
                0x0000000008006432       0x20 STM32_WPAN/Target/hw_ipcc.o
 .text.LL_C1_IPCC_EnableTransmitChannel
                0x0000000008006452       0x26 STM32_WPAN/Target/hw_ipcc.o
 .text.LL_C1_IPCC_DisableTransmitChannel
                0x0000000008006478       0x24 STM32_WPAN/Target/hw_ipcc.o
 .text.LL_C1_IPCC_EnableReceiveChannel
                0x000000000800649c       0x24 STM32_WPAN/Target/hw_ipcc.o
 .text.LL_C1_IPCC_ClearFlag_CHx
                0x00000000080064c0       0x1c STM32_WPAN/Target/hw_ipcc.o
 .text.LL_C1_IPCC_SetFlag_CHx
                0x00000000080064dc       0x1e STM32_WPAN/Target/hw_ipcc.o
 .text.LL_C1_IPCC_IsActiveFlag_CHx
                0x00000000080064fa       0x2a STM32_WPAN/Target/hw_ipcc.o
 .text.LL_C2_IPCC_IsActiveFlag_CHx
                0x0000000008006524       0x2a STM32_WPAN/Target/hw_ipcc.o
 *fill*         0x000000000800654e        0x2 
 .text.HW_IPCC_Rx_Handler
                0x0000000008006550       0x70 STM32_WPAN/Target/hw_ipcc.o
                0x0000000008006550                HW_IPCC_Rx_Handler
 .text.HW_IPCC_Tx_Handler
                0x00000000080065c0       0x94 STM32_WPAN/Target/hw_ipcc.o
                0x00000000080065c0                HW_IPCC_Tx_Handler
 .text.HW_IPCC_Enable
                0x0000000008006654       0x20 STM32_WPAN/Target/hw_ipcc.o
                0x0000000008006654                HW_IPCC_Enable
 .text.HW_IPCC_Init
                0x0000000008006674       0x2c STM32_WPAN/Target/hw_ipcc.o
                0x0000000008006674                HW_IPCC_Init
 .text.HW_IPCC_BLE_Init
                0x00000000080066a0       0x14 STM32_WPAN/Target/hw_ipcc.o
                0x00000000080066a0                HW_IPCC_BLE_Init
 .text.HW_IPCC_BLE_SendCmd
                0x00000000080066b4       0x14 STM32_WPAN/Target/hw_ipcc.o
                0x00000000080066b4                HW_IPCC_BLE_SendCmd
 .text.HW_IPCC_BLE_EvtHandler
                0x00000000080066c8       0x18 STM32_WPAN/Target/hw_ipcc.o
 .text.HW_IPCC_BLE_AclDataEvtHandler
                0x00000000080066e0       0x18 STM32_WPAN/Target/hw_ipcc.o
 .text.HW_IPCC_SYS_Init
                0x00000000080066f8       0x14 STM32_WPAN/Target/hw_ipcc.o
                0x00000000080066f8                HW_IPCC_SYS_Init
 .text.HW_IPCC_SYS_SendCmd
                0x000000000800670c       0x1c STM32_WPAN/Target/hw_ipcc.o
                0x000000000800670c                HW_IPCC_SYS_SendCmd
 .text.HW_IPCC_SYS_CmdEvtHandler
                0x0000000008006728       0x18 STM32_WPAN/Target/hw_ipcc.o
 .text.HW_IPCC_SYS_EvtHandler
                0x0000000008006740       0x18 STM32_WPAN/Target/hw_ipcc.o
 .text.HW_IPCC_MM_SendFreeBuf
                0x0000000008006758       0x44 STM32_WPAN/Target/hw_ipcc.o
                0x0000000008006758                HW_IPCC_MM_SendFreeBuf
 .text.HW_IPCC_MM_FreeBufHandler
                0x000000000800679c       0x28 STM32_WPAN/Target/hw_ipcc.o
 .text.HW_IPCC_TRACES_Init
                0x00000000080067c4       0x14 STM32_WPAN/Target/hw_ipcc.o
                0x00000000080067c4                HW_IPCC_TRACES_Init
 .text.HW_IPCC_TRACES_EvtHandler
                0x00000000080067d8       0x18 STM32_WPAN/Target/hw_ipcc.o
 .text.UTIL_LPM_Init
                0x00000000080067f0       0x24 Utilities/lpm/tiny_lpm/stm32_lpm.o
                0x00000000080067f0                UTIL_LPM_Init
 .text.UTIL_LPM_SetOffMode
                0x0000000008006814       0x5c Utilities/lpm/tiny_lpm/stm32_lpm.o
                0x0000000008006814                UTIL_LPM_SetOffMode
 .text.UTIL_SEQ_Run
                0x0000000008006870      0x1c0 Utilities/sequencer/stm32_seq.o
                0x0000000008006870                UTIL_SEQ_Run
 .text.UTIL_SEQ_RegTask
                0x0000000008006a30       0x40 Utilities/sequencer/stm32_seq.o
                0x0000000008006a30                UTIL_SEQ_RegTask
 .text.UTIL_SEQ_SetTask
                0x0000000008006a70       0x54 Utilities/sequencer/stm32_seq.o
                0x0000000008006a70                UTIL_SEQ_SetTask
 .text.UTIL_SEQ_PauseTask
                0x0000000008006ac4       0x3c Utilities/sequencer/stm32_seq.o
                0x0000000008006ac4                UTIL_SEQ_PauseTask
 .text.UTIL_SEQ_ResumeTask
                0x0000000008006b00       0x3c Utilities/sequencer/stm32_seq.o
                0x0000000008006b00                UTIL_SEQ_ResumeTask
 .text.UTIL_SEQ_SetEvt
                0x0000000008006b3c       0x3c Utilities/sequencer/stm32_seq.o
                0x0000000008006b3c                UTIL_SEQ_SetEvt
 .text.UTIL_SEQ_WaitEvt
                0x0000000008006b78       0x84 Utilities/sequencer/stm32_seq.o
                0x0000000008006b78                UTIL_SEQ_WaitEvt
 .text.UTIL_SEQ_PreIdle
                0x0000000008006bfc        0xe Utilities/sequencer/stm32_seq.o
                0x0000000008006bfc                UTIL_SEQ_PreIdle
 .text.UTIL_SEQ_PostIdle
                0x0000000008006c0a        0xe Utilities/sequencer/stm32_seq.o
                0x0000000008006c0a                UTIL_SEQ_PostIdle
 .text.SEQ_BitPosition
                0x0000000008006c18       0x74 Utilities/sequencer/stm32_seq.o
                0x0000000008006c18                SEQ_BitPosition
 .text.__libc_init_array
                0x0000000008006c8c       0x48 c:/st/stm32cubeide_1.4.0/stm32cubeide/plugins/com.st.stm32cube.ide.mcu.externaltools.gnu-tools-for-stm32.7-2018-q2-update.win32_1.4.0.202007081208/tools/bin/../lib/gcc/arm-none-eabi/7.3.1/../../../../arm-none-eabi/lib/thumb/v7e-m/fpv4-sp/hard\libc_nano.a(lib_a-init.o)
                0x0000000008006c8c                __libc_init_array
 .text.memcpy   0x0000000008006cd4       0x16 c:/st/stm32cubeide_1.4.0/stm32cubeide/plugins/com.st.stm32cube.ide.mcu.externaltools.gnu-tools-for-stm32.7-2018-q2-update.win32_1.4.0.202007081208/tools/bin/../lib/gcc/arm-none-eabi/7.3.1/../../../../arm-none-eabi/lib/thumb/v7e-m/fpv4-sp/hard\libc_nano.a(lib_a-memcpy-stub.o)
                0x0000000008006cd4                memcpy
 .text.memset   0x0000000008006cea       0x10 c:/st/stm32cubeide_1.4.0/stm32cubeide/plugins/com.st.stm32cube.ide.mcu.externaltools.gnu-tools-for-stm32.7-2018-q2-update.win32_1.4.0.202007081208/tools/bin/../lib/gcc/arm-none-eabi/7.3.1/../../../../arm-none-eabi/lib/thumb/v7e-m/fpv4-sp/hard\libc_nano.a(lib_a-memset.o)
                0x0000000008006cea                memset
 *(.glue_7)
 .glue_7        0x0000000008006cfa        0x0 linker stubs
 *(.glue_7t)
 .glue_7t       0x0000000008006cfa        0x0 linker stubs
 *(.eh_frame)
 *fill*         0x0000000008006cfa        0x2 
 .eh_frame      0x0000000008006cfc        0x0 c:/st/stm32cubeide_1.4.0/stm32cubeide/plugins/com.st.stm32cube.ide.mcu.externaltools.gnu-tools-for-stm32.7-2018-q2-update.win32_1.4.0.202007081208/tools/bin/../lib/gcc/arm-none-eabi/7.3.1/thumb/v7e-m/fpv4-sp/hard/crtbegin.o
 *(.init)
 .init          0x0000000008006cfc        0x4 c:/st/stm32cubeide_1.4.0/stm32cubeide/plugins/com.st.stm32cube.ide.mcu.externaltools.gnu-tools-for-stm32.7-2018-q2-update.win32_1.4.0.202007081208/tools/bin/../lib/gcc/arm-none-eabi/7.3.1/thumb/v7e-m/fpv4-sp/hard/crti.o
                0x0000000008006cfc                _init
 .init          0x0000000008006d00        0x8 c:/st/stm32cubeide_1.4.0/stm32cubeide/plugins/com.st.stm32cube.ide.mcu.externaltools.gnu-tools-for-stm32.7-2018-q2-update.win32_1.4.0.202007081208/tools/bin/../lib/gcc/arm-none-eabi/7.3.1/thumb/v7e-m/fpv4-sp/hard/crtn.o
 *(.fini)
 .fini          0x0000000008006d08        0x4 c:/st/stm32cubeide_1.4.0/stm32cubeide/plugins/com.st.stm32cube.ide.mcu.externaltools.gnu-tools-for-stm32.7-2018-q2-update.win32_1.4.0.202007081208/tools/bin/../lib/gcc/arm-none-eabi/7.3.1/thumb/v7e-m/fpv4-sp/hard/crti.o
                0x0000000008006d08                _fini
 .fini          0x0000000008006d0c        0x8 c:/st/stm32cubeide_1.4.0/stm32cubeide/plugins/com.st.stm32cube.ide.mcu.externaltools.gnu-tools-for-stm32.7-2018-q2-update.win32_1.4.0.202007081208/tools/bin/../lib/gcc/arm-none-eabi/7.3.1/thumb/v7e-m/fpv4-sp/hard/crtn.o
                0x0000000008006d14                . = ALIGN (0x4)
                0x0000000008006d14                _etext = .

.vfp11_veneer   0x0000000008006d14        0x0
 .vfp11_veneer  0x0000000008006d14        0x0 linker stubs

.v4_bx          0x0000000008006d14        0x0
 .v4_bx         0x0000000008006d14        0x0 linker stubs

.iplt           0x0000000008006d14        0x0
 .iplt          0x0000000008006d14        0x0 c:/st/stm32cubeide_1.4.0/stm32cubeide/plugins/com.st.stm32cube.ide.mcu.externaltools.gnu-tools-for-stm32.7-2018-q2-update.win32_1.4.0.202007081208/tools/bin/../lib/gcc/arm-none-eabi/7.3.1/thumb/v7e-m/fpv4-sp/hard/crtbegin.o

.rodata         0x0000000008006d14      0x250
                0x0000000008006d14                . = ALIGN (0x4)
 *(.rodata)
 .rodata        0x0000000008006d14       0x1b Core/Src/app_debug.o
 *fill*         0x0000000008006d2f        0x1 
 .rodata        0x0000000008006d30       0x2c Drivers/STM32WBxx_HAL_Driver/Src/stm32wbxx_hal_rcc.o
 .rodata        0x0000000008006d5c       0x38 STM32_WPAN/App/app_ble.o
 *(.rodata*)
 .rodata.aGpioConfigList
                0x0000000008006d94      0x110 Core/Src/app_debug.o
 .rodata.AHBPrescTable
                0x0000000008006ea4       0x40 Core/Src/system_stm32wbxx.o
                0x0000000008006ea4                AHBPrescTable
 .rodata.MSIRangeTable
                0x0000000008006ee4       0x40 Core/Src/system_stm32wbxx.o
                0x0000000008006ee4                MSIRangeTable
 .rodata.M_bd_addr
                0x0000000008006f24        0x6 STM32_WPAN/App/app_ble.o
 *fill*         0x0000000008006f2a        0x2 
 .rodata.BLE_CFG_IR_VALUE
                0x0000000008006f2c       0x10 STM32_WPAN/App/app_ble.o
 .rodata.BLE_CFG_ER_VALUE
                0x0000000008006f3c       0x10 STM32_WPAN/App/app_ble.o
 .rodata.local_name
                0x0000000008006f4c        0x8 STM32_WPAN/App/app_ble.o
 .rodata.SEQ_clz_table_4bit
                0x0000000008006f54       0x10 Utilities/sequencer/stm32_seq.o
                0x0000000008006f64                . = ALIGN (0x4)

.rel.dyn        0x0000000008006f64        0x0
 .rel.iplt      0x0000000008006f64        0x0 c:/st/stm32cubeide_1.4.0/stm32cubeide/plugins/com.st.stm32cube.ide.mcu.externaltools.gnu-tools-for-stm32.7-2018-q2-update.win32_1.4.0.202007081208/tools/bin/../lib/gcc/arm-none-eabi/7.3.1/thumb/v7e-m/fpv4-sp/hard/crtbegin.o

.ARM.extab
 *(.ARM.extab* .gnu.linkonce.armextab.*)

.ARM            0x0000000008006f64        0x0
                0x0000000008006f64                __exidx_start = .
 *(.ARM.exidx*)
                0x0000000008006f64                __exidx_end = .

.preinit_array  0x0000000008006f64        0x0
                0x0000000008006f64                PROVIDE (__preinit_array_start = .)
 *(.preinit_array*)
                0x0000000008006f64                PROVIDE (__preinit_array_end = .)

.init_array     0x0000000008006f64        0x4
                0x0000000008006f64                PROVIDE (__init_array_start = .)
 *(SORT_BY_NAME(.init_array.*))
 *(.init_array*)
 .init_array    0x0000000008006f64        0x4 c:/st/stm32cubeide_1.4.0/stm32cubeide/plugins/com.st.stm32cube.ide.mcu.externaltools.gnu-tools-for-stm32.7-2018-q2-update.win32_1.4.0.202007081208/tools/bin/../lib/gcc/arm-none-eabi/7.3.1/thumb/v7e-m/fpv4-sp/hard/crtbegin.o
                0x0000000008006f68                PROVIDE (__init_array_end = .)

.fini_array     0x0000000008006f68        0x4
                [!provide]                        PROVIDE (__fini_array_start = .)
 *(SORT_BY_NAME(.fini_array.*))
 *(.fini_array*)
 .fini_array    0x0000000008006f68        0x4 c:/st/stm32cubeide_1.4.0/stm32cubeide/plugins/com.st.stm32cube.ide.mcu.externaltools.gnu-tools-for-stm32.7-2018-q2-update.win32_1.4.0.202007081208/tools/bin/../lib/gcc/arm-none-eabi/7.3.1/thumb/v7e-m/fpv4-sp/hard/crtbegin.o
                [!provide]                        PROVIDE (__fini_array_end = .)
                0x0000000008006f6c                _sidata = LOADADDR (.data)

.data           0x0000000020000004       0x24 load address 0x0000000008006f6c
                0x0000000020000004                . = ALIGN (0x4)
                0x0000000020000004                _sdata = .
 *(.data)
 *(.data*)
 .data.SystemCoreClock
                0x0000000020000004        0x4 Core/Src/system_stm32wbxx.o
                0x0000000020000004                SystemCoreClock
 .data.uwTickPrio
                0x0000000020000008        0x4 Drivers/STM32WBxx_HAL_Driver/Src/stm32wbxx_hal.o
                0x0000000020000008                uwTickPrio
 .data.uwTickFreq
                0x000000002000000c        0x1 Drivers/STM32WBxx_HAL_Driver/Src/stm32wbxx_hal.o
                0x000000002000000c                uwTickFreq
 *fill*         0x000000002000000d        0x3 
 .data.manuf_data
                0x0000000020000010        0xe STM32_WPAN/App/app_ble.o
                0x0000000020000010                manuf_data
 *fill*         0x000000002000001e        0x2 
 .data.TaskMask
                0x0000000020000020        0x4 Utilities/sequencer/stm32_seq.o
 .data.SuperMask
                0x0000000020000024        0x4 Utilities/sequencer/stm32_seq.o
                0x0000000020000028                . = ALIGN (0x4)
                0x0000000020000028                _edata = .

.igot.plt       0x0000000020000028        0x0 load address 0x0000000008006f90
 .igot.plt      0x0000000020000028        0x0 c:/st/stm32cubeide_1.4.0/stm32cubeide/plugins/com.st.stm32cube.ide.mcu.externaltools.gnu-tools-for-stm32.7-2018-q2-update.win32_1.4.0.202007081208/tools/bin/../lib/gcc/arm-none-eabi/7.3.1/thumb/v7e-m/fpv4-sp/hard/crtbegin.o

TIMERSERVER_CONTEXT
                0x0000000020000028       0x99 load address 0x0000000008006f90
 TIMERSERVER_CONTEXT
                0x0000000020000028       0x99 Core/Src/hw_timerserver.o

BLE_DRIVER_CONTEXT
                0x00000000200000c4       0x3d load address 0x0000000008007029
 BLE_DRIVER_CONTEXT
                0x00000000200000c4        0x6 Middlewares/ST/STM32_WPAN/ble/svc/Src/p2p_stm.o
 *fill*         0x00000000200000ca        0x2 
 BLE_DRIVER_CONTEXT
                0x00000000200000cc       0x21 Middlewares/ST/STM32_WPAN/ble/svc/Src/svc_ctl.o
                0x00000000200000cc                SVCCTL_EvtHandler
                0x00000000200000ec                SVCCTL_CltHandler
 *fill*         0x00000000200000ed        0x3 
 BLE_DRIVER_CONTEXT
                0x00000000200000f0       0x11 Middlewares/ST/STM32_WPAN/interface/patterns/ble_thread/tl/hci_tl.o
                0x0000000020000100                UserEventFlow

SYSTEM_DRIVER_CONTEXT
                0x0000000020000104       0x11 load address 0x0000000008007066
 SYSTEM_DRIVER_CONTEXT
                0x0000000020000104       0x11 Middlewares/ST/STM32_WPAN/interface/patterns/ble_thread/tl/shci_tl.o
                0x0000000020000114                SHCI_TL_UserEventFlow

BLE_APP_CONTEXT
                0x0000000020000118       0x98 load address 0x0000000008007077
 BLE_APP_CONTEXT
                0x0000000020000118       0x98 STM32_WPAN/App/app_ble.o
                0x00000000200001b0                . = ALIGN (0x4)

.bss            0x00000000200001b0      0x174 load address 0x000000000800710f
                0x00000000200001b0                _sbss = .
                0x00000000200001b0                __bss_start__ = _sbss
 *(.bss)
 .bss           0x00000000200001b0       0x1c c:/st/stm32cubeide_1.4.0/stm32cubeide/plugins/com.st.stm32cube.ide.mcu.externaltools.gnu-tools-for-stm32.7-2018-q2-update.win32_1.4.0.202007081208/tools/bin/../lib/gcc/arm-none-eabi/7.3.1/thumb/v7e-m/fpv4-sp/hard/crtbegin.o
 *(.bss*)
 .bss.phrtc     0x00000000200001cc        0x4 Core/Src/hw_timerserver.o
 .bss.WakeupTimerDivider
                0x00000000200001d0        0x1 Core/Src/hw_timerserver.o
 .bss.AsynchPrescalerUserConfig
                0x00000000200001d1        0x1 Core/Src/hw_timerserver.o
 .bss.SynchPrescalerUserConfig
                0x00000000200001d2        0x2 Core/Src/hw_timerserver.o
 .bss.MaxWakeupTimerSetup
                0x00000000200001d4        0x2 Core/Src/hw_timerserver.o
 *fill*         0x00000000200001d6        0x2 
 .bss.hciContext
                0x00000000200001d8       0x20 Middlewares/ST/STM32_WPAN/interface/patterns/ble_thread/tl/hci_tl.o
 .bss.HciCmdEventQueue
                0x00000000200001f8        0x8 Middlewares/ST/STM32_WPAN/interface/patterns/ble_thread/tl/hci_tl.o
 .bss.StatusNotCallBackFunction
                0x0000000020000200        0x4 Middlewares/ST/STM32_WPAN/interface/patterns/ble_thread/tl/hci_tl.o
 .bss.shciContext
                0x0000000020000204       0x20 Middlewares/ST/STM32_WPAN/interface/patterns/ble_thread/tl/shci_tl.o
 .bss.StatusNotCallBackFunction
                0x0000000020000224        0x4 Middlewares/ST/STM32_WPAN/interface/patterns/ble_thread/tl/shci_tl.o
 .bss.LocalFreeBufQueue
                0x0000000020000228        0x8 Middlewares/ST/STM32_WPAN/interface/patterns/ble_thread/tl/tl_mbox.o
 .bss.BLE_IoBusEvtCallBackFunction
                0x0000000020000230        0x4 Middlewares/ST/STM32_WPAN/interface/patterns/ble_thread/tl/tl_mbox.o
 .bss.BLE_IoBusAclDataTxAck
                0x0000000020000234        0x4 Middlewares/ST/STM32_WPAN/interface/patterns/ble_thread/tl/tl_mbox.o
 .bss.SYS_CMD_IoBusCallBackFunction
                0x0000000020000238        0x4 Middlewares/ST/STM32_WPAN/interface/patterns/ble_thread/tl/tl_mbox.o
 .bss.SYS_EVT_IoBusCallBackFunction
                0x000000002000023c        0x4 Middlewares/ST/STM32_WPAN/interface/patterns/ble_thread/tl/tl_mbox.o
 .bss.p_mem_manager_table.8017
                0x0000000020000240        0x4 Middlewares/ST/STM32_WPAN/interface/patterns/ble_thread/tl/tl_mbox.o
 .bss.bd_addr_udn
                0x0000000020000244        0x6 STM32_WPAN/App/app_ble.o
 *fill*         0x000000002000024a        0x2 
 .bss.FreeBufCb
                0x000000002000024c        0x4 STM32_WPAN/Target/hw_ipcc.o
 .bss.StopModeDisable
                0x0000000020000250        0x4 Utilities/lpm/tiny_lpm/stm32_lpm.o
 .bss.OffModeDisable
                0x0000000020000254        0x4 Utilities/lpm/tiny_lpm/stm32_lpm.o
 .bss.TaskSet   0x0000000020000258        0x4 Utilities/sequencer/stm32_seq.o
 .bss.EvtSet    0x000000002000025c        0x4 Utilities/sequencer/stm32_seq.o
 .bss.EvtWaited
                0x0000000020000260        0x4 Utilities/sequencer/stm32_seq.o
 .bss.CurrentTaskIdx
                0x0000000020000264        0x4 Utilities/sequencer/stm32_seq.o
 .bss.TaskCb    0x0000000020000268       0x80 Utilities/sequencer/stm32_seq.o
 .bss.TaskPrio  0x00000000200002e8       0x10 Utilities/sequencer/stm32_seq.o
 *(COMMON)
 COMMON         0x00000000200002f8       0x24 Core/Src/main.o
                0x00000000200002f8                hrtc
 COMMON         0x000000002000031c        0x4 Drivers/STM32WBxx_HAL_Driver/Src/stm32wbxx_hal.o
                0x000000002000031c                uwTick
 COMMON         0x0000000020000320        0x4 STM32_WPAN/App/app_ble.o
                0x0000000020000320                handleNotification
                0x0000000020000324                . = ALIGN (0x4)
                0x0000000020000324                _ebss = .
                0x0000000020000324                __bss_end__ = _ebss

._user_heap_stack
                0x0000000020000324      0x604 load address 0x000000000800710f
                0x0000000020000328                . = ALIGN (0x8)
 *fill*         0x0000000020000324        0x4 
                [!provide]                        PROVIDE (end = .)
                0x0000000020000328                PROVIDE (_end = .)
                0x0000000020000528                . = (. + _Min_Heap_Size)
 *fill*         0x0000000020000328      0x200 
                0x0000000020000928                . = (. + _Min_Stack_Size)
 *fill*         0x0000000020000528      0x400 
                0x0000000020000928                . = ALIGN (0x8)

/DISCARD/
 libc.a(*)
 libm.a(*)
 libgcc.a(*)

.ARM.attributes
                0x0000000000000000       0x30
 *(.ARM.attributes)
 .ARM.attributes
                0x0000000000000000       0x22 c:/st/stm32cubeide_1.4.0/stm32cubeide/plugins/com.st.stm32cube.ide.mcu.externaltools.gnu-tools-for-stm32.7-2018-q2-update.win32_1.4.0.202007081208/tools/bin/../lib/gcc/arm-none-eabi/7.3.1/thumb/v7e-m/fpv4-sp/hard/crti.o
 .ARM.attributes
                0x0000000000000022       0x34 c:/st/stm32cubeide_1.4.0/stm32cubeide/plugins/com.st.stm32cube.ide.mcu.externaltools.gnu-tools-for-stm32.7-2018-q2-update.win32_1.4.0.202007081208/tools/bin/../lib/gcc/arm-none-eabi/7.3.1/thumb/v7e-m/fpv4-sp/hard/crtbegin.o
 .ARM.attributes
                0x0000000000000056       0x39 Core/Src/app_debug.o
 .ARM.attributes
                0x000000000000008f       0x39 Core/Src/app_entry.o
 .ARM.attributes
                0x00000000000000c8       0x39 Core/Src/hw_timerserver.o
 .ARM.attributes
                0x0000000000000101       0x39 Core/Src/main.o
 .ARM.attributes
                0x000000000000013a       0x39 Core/Src/stm32wbxx_hal_msp.o
 .ARM.attributes
                0x0000000000000173       0x39 Core/Src/stm32wbxx_it.o
 .ARM.attributes
                0x00000000000001ac       0x39 Core/Src/system_stm32wbxx.o
 .ARM.attributes
                0x00000000000001e5       0x21 Core/Startup/startup_stm32wb55rgvx.o
 .ARM.attributes
                0x0000000000000206       0x39 Drivers/STM32WBxx_HAL_Driver/Src/stm32wbxx_hal.o
 .ARM.attributes
                0x000000000000023f       0x39 Drivers/STM32WBxx_HAL_Driver/Src/stm32wbxx_hal_cortex.o
 .ARM.attributes
                0x0000000000000278       0x39 Drivers/STM32WBxx_HAL_Driver/Src/stm32wbxx_hal_gpio.o
 .ARM.attributes
                0x00000000000002b1       0x39 Drivers/STM32WBxx_HAL_Driver/Src/stm32wbxx_hal_hsem.o
 .ARM.attributes
                0x00000000000002ea       0x39 Drivers/STM32WBxx_HAL_Driver/Src/stm32wbxx_hal_pwr.o
 .ARM.attributes
                0x0000000000000323       0x39 Drivers/STM32WBxx_HAL_Driver/Src/stm32wbxx_hal_pwr_ex.o
 .ARM.attributes
                0x000000000000035c       0x39 Drivers/STM32WBxx_HAL_Driver/Src/stm32wbxx_hal_rcc.o
 .ARM.attributes
                0x0000000000000395       0x39 Drivers/STM32WBxx_HAL_Driver/Src/stm32wbxx_hal_rcc_ex.o
 .ARM.attributes
                0x00000000000003ce       0x39 Drivers/STM32WBxx_HAL_Driver/Src/stm32wbxx_hal_rtc.o
 .ARM.attributes
                0x0000000000000407       0x39 Middlewares/ST/STM32_WPAN/ble/core/auto/ble_gap_aci.o
 .ARM.attributes
                0x0000000000000440       0x39 Middlewares/ST/STM32_WPAN/ble/core/auto/ble_gatt_aci.o
 .ARM.attributes
                0x0000000000000479       0x39 Middlewares/ST/STM32_WPAN/ble/core/auto/ble_hal_aci.o
 .ARM.attributes
                0x00000000000004b2       0x39 Middlewares/ST/STM32_WPAN/ble/core/auto/ble_hci_le.o
 .ARM.attributes
                0x00000000000004eb       0x39 Middlewares/ST/STM32_WPAN/ble/core/template/osal.o
 .ARM.attributes
                0x0000000000000524       0x39 Middlewares/ST/STM32_WPAN/ble/svc/Src/p2p_stm.o
 .ARM.attributes
                0x000000000000055d       0x39 Middlewares/ST/STM32_WPAN/ble/svc/Src/svc_ctl.o
 .ARM.attributes
                0x0000000000000596       0x39 Middlewares/ST/STM32_WPAN/interface/patterns/ble_thread/shci/shci.o
 .ARM.attributes
                0x00000000000005cf       0x39 Middlewares/ST/STM32_WPAN/interface/patterns/ble_thread/tl/hci_tl.o
 .ARM.attributes
                0x0000000000000608       0x39 Middlewares/ST/STM32_WPAN/interface/patterns/ble_thread/tl/hci_tl_if.o
 .ARM.attributes
                0x0000000000000641       0x39 Middlewares/ST/STM32_WPAN/interface/patterns/ble_thread/tl/shci_tl.o
 .ARM.attributes
                0x000000000000067a       0x39 Middlewares/ST/STM32_WPAN/interface/patterns/ble_thread/tl/shci_tl_if.o
 .ARM.attributes
                0x00000000000006b3       0x39 Middlewares/ST/STM32_WPAN/interface/patterns/ble_thread/tl/tl_mbox.o
 .ARM.attributes
                0x00000000000006ec       0x39 Middlewares/ST/STM32_WPAN/utilities/otp.o
 .ARM.attributes
                0x0000000000000725       0x39 Middlewares/ST/STM32_WPAN/utilities/stm_list.o
 .ARM.attributes
                0x000000000000075e       0x39 STM32_WPAN/App/app_ble.o
 .ARM.attributes
                0x0000000000000797       0x39 STM32_WPAN/App/p2p_server_app.o
 .ARM.attributes
                0x00000000000007d0       0x39 STM32_WPAN/Target/hw_ipcc.o
 .ARM.attributes
                0x0000000000000809       0x39 Utilities/lpm/tiny_lpm/stm32_lpm.o
 .ARM.attributes
                0x0000000000000842       0x39 Utilities/sequencer/stm32_seq.o
 .ARM.attributes
                0x000000000000087b       0x34 c:/st/stm32cubeide_1.4.0/stm32cubeide/plugins/com.st.stm32cube.ide.mcu.externaltools.gnu-tools-for-stm32.7-2018-q2-update.win32_1.4.0.202007081208/tools/bin/../lib/gcc/arm-none-eabi/7.3.1/../../../../arm-none-eabi/lib/thumb/v7e-m/fpv4-sp/hard\libc_nano.a(lib_a-init.o)
 .ARM.attributes
                0x00000000000008af       0x34 c:/st/stm32cubeide_1.4.0/stm32cubeide/plugins/com.st.stm32cube.ide.mcu.externaltools.gnu-tools-for-stm32.7-2018-q2-update.win32_1.4.0.202007081208/tools/bin/../lib/gcc/arm-none-eabi/7.3.1/../../../../arm-none-eabi/lib/thumb/v7e-m/fpv4-sp/hard\libc_nano.a(lib_a-memcpy-stub.o)
 .ARM.attributes
                0x00000000000008e3       0x34 c:/st/stm32cubeide_1.4.0/stm32cubeide/plugins/com.st.stm32cube.ide.mcu.externaltools.gnu-tools-for-stm32.7-2018-q2-update.win32_1.4.0.202007081208/tools/bin/../lib/gcc/arm-none-eabi/7.3.1/../../../../arm-none-eabi/lib/thumb/v7e-m/fpv4-sp/hard\libc_nano.a(lib_a-memset.o)
 .ARM.attributes
                0x0000000000000917       0x1b c:/st/stm32cubeide_1.4.0/stm32cubeide/plugins/com.st.stm32cube.ide.mcu.externaltools.gnu-tools-for-stm32.7-2018-q2-update.win32_1.4.0.202007081208/tools/bin/../lib/gcc/arm-none-eabi/7.3.1/../../../../arm-none-eabi/lib/thumb/v7e-m/fpv4-sp/hard\libc_nano.a(lib_a-strlen.o)
 .ARM.attributes
                0x0000000000000932       0x22 c:/st/stm32cubeide_1.4.0/stm32cubeide/plugins/com.st.stm32cube.ide.mcu.externaltools.gnu-tools-for-stm32.7-2018-q2-update.win32_1.4.0.202007081208/tools/bin/../lib/gcc/arm-none-eabi/7.3.1/thumb/v7e-m/fpv4-sp/hard/crtn.o

MAPPING_TABLE   0x0000000020030000       0x28
 *(MAPPING_TABLE)
 MAPPING_TABLE  0x0000000020030000       0x28 Middlewares/ST/STM32_WPAN/interface/patterns/ble_thread/tl/tl_mbox.o

MB_MEM1         0x0000000020030028      0x1b7
 *(MB_MEM1)
 MB_MEM1        0x0000000020030028       0xac Middlewares/ST/STM32_WPAN/interface/patterns/ble_thread/tl/tl_mbox.o
 MB_MEM1        0x00000000200300d4      0x10b STM32_WPAN/App/app_ble.o

MB_MEM2         0x00000000200301e0      0x877
                0x00000000200301e0                _sMB_MEM2 = .
 *(MB_MEM2)
 MB_MEM2        0x00000000200301e0        0x8 Core/Src/app_debug.o
 MB_MEM2        0x00000000200301e8      0x85e Core/Src/app_entry.o
 *fill*         0x0000000020030a46        0x2 
 MB_MEM2        0x0000000020030a48        0xf Middlewares/ST/STM32_WPAN/interface/patterns/ble_thread/tl/tl_mbox.o
                0x0000000020030a57                _eMB_MEM2 = .
OUTPUT(BLE_Test2.elf elf32-littlearm)

.debug_info     0x0000000000000000    0x2cd3c
 .debug_info    0x0000000000000000     0x1386 Core/Src/app_debug.o
 .debug_info    0x0000000000001386     0x17de Core/Src/app_entry.o
 .debug_info    0x0000000000002b64     0x1acf Core/Src/hw_timerserver.o
 .debug_info    0x0000000000004633     0x1932 Core/Src/main.o
 .debug_info    0x0000000000005f65     0x13f1 Core/Src/stm32wbxx_hal_msp.o
 .debug_info    0x0000000000007356      0xb3d Core/Src/stm32wbxx_it.o
 .debug_info    0x0000000000007e93      0x7e0 Core/Src/system_stm32wbxx.o
 .debug_info    0x0000000000008673       0x22 Core/Startup/startup_stm32wb55rgvx.o
 .debug_info    0x0000000000008695     0x1353 Drivers/STM32WBxx_HAL_Driver/Src/stm32wbxx_hal.o
 .debug_info    0x00000000000099e8      0xe14 Drivers/STM32WBxx_HAL_Driver/Src/stm32wbxx_hal_cortex.o
 .debug_info    0x000000000000a7fc      0x815 Drivers/STM32WBxx_HAL_Driver/Src/stm32wbxx_hal_gpio.o
 .debug_info    0x000000000000b011      0x53e Drivers/STM32WBxx_HAL_Driver/Src/stm32wbxx_hal_hsem.o
 .debug_info    0x000000000000b54f      0xa0c Drivers/STM32WBxx_HAL_Driver/Src/stm32wbxx_hal_pwr.o
 .debug_info    0x000000000000bf5b     0x115e Drivers/STM32WBxx_HAL_Driver/Src/stm32wbxx_hal_pwr_ex.o
 .debug_info    0x000000000000d0b9     0x1599 Drivers/STM32WBxx_HAL_Driver/Src/stm32wbxx_hal_rcc.o
 .debug_info    0x000000000000e652     0x1cc9 Drivers/STM32WBxx_HAL_Driver/Src/stm32wbxx_hal_rcc_ex.o
 .debug_info    0x000000000001031b      0xd89 Drivers/STM32WBxx_HAL_Driver/Src/stm32wbxx_hal_rtc.o
 .debug_info    0x00000000000110a4     0x338e Middlewares/ST/STM32_WPAN/ble/core/auto/ble_gap_aci.o
 .debug_info    0x0000000000014432     0x3731 Middlewares/ST/STM32_WPAN/ble/core/auto/ble_gatt_aci.o
 .debug_info    0x0000000000017b63     0x14bd Middlewares/ST/STM32_WPAN/ble/core/auto/ble_hal_aci.o
 .debug_info    0x0000000000019020     0x3728 Middlewares/ST/STM32_WPAN/ble/core/auto/ble_hci_le.o
 .debug_info    0x000000000001c748      0x956 Middlewares/ST/STM32_WPAN/ble/core/template/osal.o
 .debug_info    0x000000000001d09e      0xee2 Middlewares/ST/STM32_WPAN/ble/svc/Src/p2p_stm.o
 .debug_info    0x000000000001df80      0xec7 Middlewares/ST/STM32_WPAN/ble/svc/Src/svc_ctl.o
 .debug_info    0x000000000001ee47     0x1e90 Middlewares/ST/STM32_WPAN/interface/patterns/ble_thread/shci/shci.o
 .debug_info    0x0000000000020cd7     0x1264 Middlewares/ST/STM32_WPAN/interface/patterns/ble_thread/tl/hci_tl.o
 .debug_info    0x0000000000021f3b      0x9c8 Middlewares/ST/STM32_WPAN/interface/patterns/ble_thread/tl/hci_tl_if.o
 .debug_info    0x0000000000022903      0xf66 Middlewares/ST/STM32_WPAN/interface/patterns/ble_thread/tl/shci_tl.o
 .debug_info    0x0000000000023869      0x9c8 Middlewares/ST/STM32_WPAN/interface/patterns/ble_thread/tl/shci_tl_if.o
 .debug_info    0x0000000000024231     0x13ef Middlewares/ST/STM32_WPAN/interface/patterns/ble_thread/tl/tl_mbox.o
 .debug_info    0x0000000000025620      0xa8a Middlewares/ST/STM32_WPAN/utilities/otp.o
 .debug_info    0x00000000000260aa     0x110c Middlewares/ST/STM32_WPAN/utilities/stm_list.o
 .debug_info    0x00000000000271b6     0x1a72 STM32_WPAN/App/app_ble.o
 .debug_info    0x0000000000028c28      0xd74 STM32_WPAN/App/p2p_server_app.o
 .debug_info    0x000000000002999c     0x1701 STM32_WPAN/Target/hw_ipcc.o
 .debug_info    0x000000000002b09d      0xbf1 Utilities/lpm/tiny_lpm/stm32_lpm.o
 .debug_info    0x000000000002bc8e     0x10ae Utilities/sequencer/stm32_seq.o

.debug_abbrev   0x0000000000000000     0x5304
 .debug_abbrev  0x0000000000000000      0x284 Core/Src/app_debug.o
 .debug_abbrev  0x0000000000000284      0x2ca Core/Src/app_entry.o
 .debug_abbrev  0x000000000000054e      0x368 Core/Src/hw_timerserver.o
 .debug_abbrev  0x00000000000008b6      0x2c5 Core/Src/main.o
 .debug_abbrev  0x0000000000000b7b      0x249 Core/Src/stm32wbxx_hal_msp.o
 .debug_abbrev  0x0000000000000dc4      0x1ad Core/Src/stm32wbxx_it.o
 .debug_abbrev  0x0000000000000f71      0x163 Core/Src/system_stm32wbxx.o
 .debug_abbrev  0x00000000000010d4       0x12 Core/Startup/startup_stm32wb55rgvx.o
 .debug_abbrev  0x00000000000010e6      0x2df Drivers/STM32WBxx_HAL_Driver/Src/stm32wbxx_hal.o
 .debug_abbrev  0x00000000000013c5      0x2f1 Drivers/STM32WBxx_HAL_Driver/Src/stm32wbxx_hal_cortex.o
 .debug_abbrev  0x00000000000016b6      0x1d3 Drivers/STM32WBxx_HAL_Driver/Src/stm32wbxx_hal_gpio.o
 .debug_abbrev  0x0000000000001889      0x1fe Drivers/STM32WBxx_HAL_Driver/Src/stm32wbxx_hal_hsem.o
 .debug_abbrev  0x0000000000001a87      0x1b9 Drivers/STM32WBxx_HAL_Driver/Src/stm32wbxx_hal_pwr.o
 .debug_abbrev  0x0000000000001c40      0x2d6 Drivers/STM32WBxx_HAL_Driver/Src/stm32wbxx_hal_pwr_ex.o
 .debug_abbrev  0x0000000000001f16      0x24a Drivers/STM32WBxx_HAL_Driver/Src/stm32wbxx_hal_rcc.o
 .debug_abbrev  0x0000000000002160      0x2d9 Drivers/STM32WBxx_HAL_Driver/Src/stm32wbxx_hal_rcc_ex.o
 .debug_abbrev  0x0000000000002439      0x1b5 Drivers/STM32WBxx_HAL_Driver/Src/stm32wbxx_hal_rtc.o
 .debug_abbrev  0x00000000000025ee      0x204 Middlewares/ST/STM32_WPAN/ble/core/auto/ble_gap_aci.o
 .debug_abbrev  0x00000000000027f2      0x20d Middlewares/ST/STM32_WPAN/ble/core/auto/ble_gatt_aci.o
 .debug_abbrev  0x00000000000029ff      0x204 Middlewares/ST/STM32_WPAN/ble/core/auto/ble_hal_aci.o
 .debug_abbrev  0x0000000000002c03      0x1f9 Middlewares/ST/STM32_WPAN/ble/core/auto/ble_hci_le.o
 .debug_abbrev  0x0000000000002dfc      0x1a4 Middlewares/ST/STM32_WPAN/ble/core/template/osal.o
 .debug_abbrev  0x0000000000002fa0      0x227 Middlewares/ST/STM32_WPAN/ble/svc/Src/p2p_stm.o
 .debug_abbrev  0x00000000000031c7      0x223 Middlewares/ST/STM32_WPAN/ble/svc/Src/svc_ctl.o
 .debug_abbrev  0x00000000000033ea      0x23a Middlewares/ST/STM32_WPAN/interface/patterns/ble_thread/shci/shci.o
 .debug_abbrev  0x0000000000003624      0x2aa Middlewares/ST/STM32_WPAN/interface/patterns/ble_thread/tl/hci_tl.o
 .debug_abbrev  0x00000000000038ce      0x18e Middlewares/ST/STM32_WPAN/interface/patterns/ble_thread/tl/hci_tl_if.o
 .debug_abbrev  0x0000000000003a5c      0x27d Middlewares/ST/STM32_WPAN/interface/patterns/ble_thread/tl/shci_tl.o
 .debug_abbrev  0x0000000000003cd9      0x18e Middlewares/ST/STM32_WPAN/interface/patterns/ble_thread/tl/shci_tl_if.o
 .debug_abbrev  0x0000000000003e67      0x288 Middlewares/ST/STM32_WPAN/interface/patterns/ble_thread/tl/tl_mbox.o
 .debug_abbrev  0x00000000000040ef      0x1b7 Middlewares/ST/STM32_WPAN/utilities/otp.o
 .debug_abbrev  0x00000000000042a6      0x282 Middlewares/ST/STM32_WPAN/utilities/stm_list.o
 .debug_abbrev  0x0000000000004528      0x2f9 STM32_WPAN/App/app_ble.o
 .debug_abbrev  0x0000000000004821      0x20c STM32_WPAN/App/p2p_server_app.o
 .debug_abbrev  0x0000000000004a2d      0x311 STM32_WPAN/Target/hw_ipcc.o
 .debug_abbrev  0x0000000000004d3e      0x293 Utilities/lpm/tiny_lpm/stm32_lpm.o
 .debug_abbrev  0x0000000000004fd1      0x333 Utilities/sequencer/stm32_seq.o

.debug_aranges  0x0000000000000000     0x1ed0
 .debug_aranges
                0x0000000000000000       0x50 Core/Src/app_debug.o
 .debug_aranges
                0x0000000000000050       0x80 Core/Src/app_entry.o
 .debug_aranges
                0x00000000000000d0       0xa8 Core/Src/hw_timerserver.o
 .debug_aranges
                0x0000000000000178       0x58 Core/Src/main.o
 .debug_aranges
                0x00000000000001d0       0x60 Core/Src/stm32wbxx_hal_msp.o
 .debug_aranges
                0x0000000000000230       0x88 Core/Src/stm32wbxx_it.o
 .debug_aranges
                0x00000000000002b8       0x28 Core/Src/system_stm32wbxx.o
 .debug_aranges
                0x00000000000002e0       0x30 Core/Startup/startup_stm32wb55rgvx.o
 .debug_aranges
                0x0000000000000310      0x280 Drivers/STM32WBxx_HAL_Driver/Src/stm32wbxx_hal.o
 .debug_aranges
                0x0000000000000590      0x108 Drivers/STM32WBxx_HAL_Driver/Src/stm32wbxx_hal_cortex.o
 .debug_aranges
                0x0000000000000698       0x58 Drivers/STM32WBxx_HAL_Driver/Src/stm32wbxx_hal_gpio.o
 .debug_aranges
                0x00000000000006f0       0x70 Drivers/STM32WBxx_HAL_Driver/Src/stm32wbxx_hal_hsem.o
 .debug_aranges
                0x0000000000000760       0xd0 Drivers/STM32WBxx_HAL_Driver/Src/stm32wbxx_hal_pwr.o
 .debug_aranges
                0x0000000000000830      0x288 Drivers/STM32WBxx_HAL_Driver/Src/stm32wbxx_hal_pwr_ex.o
 .debug_aranges
                0x0000000000000ab8      0x2a0 Drivers/STM32WBxx_HAL_Driver/Src/stm32wbxx_hal_rcc.o
 .debug_aranges
                0x0000000000000d58      0x390 Drivers/STM32WBxx_HAL_Driver/Src/stm32wbxx_hal_rcc_ex.o
 .debug_aranges
                0x00000000000010e8       0xb8 Drivers/STM32WBxx_HAL_Driver/Src/stm32wbxx_hal_rtc.o
 .debug_aranges
                0x00000000000011a0      0x168 Middlewares/ST/STM32_WPAN/ble/core/auto/ble_gap_aci.o
 .debug_aranges
                0x0000000000001308      0x180 Middlewares/ST/STM32_WPAN/ble/core/auto/ble_gatt_aci.o
 .debug_aranges
                0x0000000000001488       0xb0 Middlewares/ST/STM32_WPAN/ble/core/auto/ble_hal_aci.o
 .debug_aranges
                0x0000000000001538      0x208 Middlewares/ST/STM32_WPAN/ble/core/auto/ble_hci_le.o
 .debug_aranges
                0x0000000000001740       0x30 Middlewares/ST/STM32_WPAN/ble/core/template/osal.o
 .debug_aranges
                0x0000000000001770       0x30 Middlewares/ST/STM32_WPAN/ble/svc/Src/p2p_stm.o
 .debug_aranges
                0x00000000000017a0       0xc0 Middlewares/ST/STM32_WPAN/ble/svc/Src/svc_ctl.o
 .debug_aranges
                0x0000000000001860       0xe8 Middlewares/ST/STM32_WPAN/interface/patterns/ble_thread/shci/shci.o
 .debug_aranges
                0x0000000000001948       0x80 Middlewares/ST/STM32_WPAN/interface/patterns/ble_thread/tl/hci_tl.o
 .debug_aranges
                0x00000000000019c8       0x20 Middlewares/ST/STM32_WPAN/interface/patterns/ble_thread/tl/hci_tl_if.o
 .debug_aranges
                0x00000000000019e8       0x80 Middlewares/ST/STM32_WPAN/interface/patterns/ble_thread/tl/shci_tl.o
 .debug_aranges
                0x0000000000001a68       0x20 Middlewares/ST/STM32_WPAN/interface/patterns/ble_thread/tl/shci_tl_if.o
 .debug_aranges
                0x0000000000001a88       0xa8 Middlewares/ST/STM32_WPAN/interface/patterns/ble_thread/tl/tl_mbox.o
 .debug_aranges